[2026-02-14T09:50:44.293+0000] {taskinstance.py:1979} INFO - Dependencies all met for dep_context=non-requeueable deps ti=<TaskInstance: sakiga_ds_pipeline.prepare_data scheduled__2026-02-13T00:00:00+00:00 [queued]>
[2026-02-14T09:50:44.308+0000] {taskinstance.py:1979} INFO - Dependencies all met for dep_context=requeueable deps ti=<TaskInstance: sakiga_ds_pipeline.prepare_data scheduled__2026-02-13T00:00:00+00:00 [queued]>
[2026-02-14T09:50:44.312+0000] {taskinstance.py:2193} INFO - Starting attempt 2 of 2
[2026-02-14T09:50:44.396+0000] {taskinstance.py:2217} INFO - Executing <Task(BashOperator): prepare_data> on 2026-02-13 00:00:00+00:00
[2026-02-14T09:50:44.428+0000] {standard_task_runner.py:60} INFO - Started process 172 to run task
[2026-02-14T09:50:44.443+0000] {standard_task_runner.py:87} INFO - Running: ['airflow', 'tasks', 'run', 'sakiga_ds_pipeline', 'prepare_data', 'scheduled__2026-02-13T00:00:00+00:00', '--job-id', '4', '--raw', '--subdir', 'DAGS_FOLDER/sakiga_ds_pipeline.py', '--cfg-path', '/tmp/tmp5y8x_bjj']
[2026-02-14T09:50:44.447+0000] {standard_task_runner.py:88} INFO - Job 4: Subtask prepare_data
[2026-02-14T09:50:44.934+0000] {task_command.py:423} INFO - Running <TaskInstance: sakiga_ds_pipeline.prepare_data scheduled__2026-02-13T00:00:00+00:00 [running]> on host a6ca3feeab34
[2026-02-14T09:50:45.148+0000] {taskinstance.py:2513} INFO - Exporting env vars: AIRFLOW_CTX_DAG_OWNER='sakiga' AIRFLOW_CTX_DAG_ID='sakiga_ds_pipeline' AIRFLOW_CTX_TASK_ID='prepare_data' AIRFLOW_CTX_EXECUTION_DATE='2026-02-13T00:00:00+00:00' AIRFLOW_CTX_TRY_NUMBER='2' AIRFLOW_CTX_DAG_RUN_ID='scheduled__2026-02-13T00:00:00+00:00'
[2026-02-14T09:50:45.198+0000] {subprocess.py:63} INFO - Tmp dir root location: /tmp
[2026-02-14T09:50:45.198+0000] {subprocess.py:75} INFO - Running command: ['/usr/bin/bash', '-c', '\nset -e\necho "📦 [SAKIGA] Prepare data"\npython3 -m venv "/opt/project/.airflow_venv" || true\n\nREQ_HASH=$(python3 - << \'PY\'\nimport hashlib, pathlib\np = pathlib.Path("/opt/project/requirements.txt")\nh = hashlib.sha256(p.read_bytes()).hexdigest() if p.exists() else "missing"\nprint(h)\nPY\n)\n\nif [ ! -f "/opt/project/.airflow_venv/.req_hash" ] || [ "$(cat /opt/project/.airflow_venv/.req_hash)" != "$REQ_HASH" ]; then\n  echo "🔧 Installing requirements into venv (first time / updated requirements)..."\n  "/opt/project/.airflow_venv/bin/pip" install --upgrade pip setuptools wheel >/dev/null\n  "/opt/project/.airflow_venv/bin/pip" install -r "/opt/project/requirements.txt"\n  echo "$REQ_HASH" > "/opt/project/.airflow_venv/.req_hash"\nelse\n  echo "✅ venv already ready"\nfi\n\n"/opt/project/.airflow_venv/bin/python" -m src.pipeline.prepare_data']
[2026-02-14T09:50:45.635+0000] {subprocess.py:86} INFO - Output:
[2026-02-14T09:50:46.206+0000] {subprocess.py:93} INFO - 📦 [SAKIGA] Prepare data
[2026-02-14T09:51:07.922+0000] {subprocess.py:93} INFO - ✅ venv already ready
[2026-02-14T09:51:24.228+0000] {subprocess.py:93} INFO - [OK] Saved: data/processed/dataset.csv | rows: 1021
[2026-02-14T09:51:24.230+0000] {subprocess.py:93} INFO - [OK] EDA: reports/eda_summary.json + reports/eda_missing.csv + reports/eda_outliers.csv
[2026-02-14T09:51:24.511+0000] {subprocess.py:97} INFO - Command exited with return code 0
[2026-02-14T09:51:24.621+0000] {taskinstance.py:1149} INFO - Marking task as SUCCESS. dag_id=sakiga_ds_pipeline, task_id=prepare_data, execution_date=20260213T000000, start_date=20260214T095044, end_date=20260214T095124
[2026-02-14T09:51:24.660+0000] {local_task_job_runner.py:234} INFO - Task exited with return code 0
[2026-02-14T09:51:24.695+0000] {taskinstance.py:3312} INFO - 1 downstream tasks scheduled from follow-on schedule check
