[2026-02-15T22:32:34.402+0000] {taskinstance.py:1979} INFO - Dependencies all met for dep_context=non-requeueable deps ti=<TaskInstance: sakiga_ds_pipeline.train_model manual__2026-02-15T22:32:09.641526+00:00 [queued]>
[2026-02-15T22:32:34.409+0000] {taskinstance.py:1979} INFO - Dependencies all met for dep_context=requeueable deps ti=<TaskInstance: sakiga_ds_pipeline.train_model manual__2026-02-15T22:32:09.641526+00:00 [queued]>
[2026-02-15T22:32:34.410+0000] {taskinstance.py:2193} INFO - Starting attempt 1 of 1
[2026-02-15T22:32:34.431+0000] {taskinstance.py:2217} INFO - Executing <Task(BashOperator): train_model> on 2026-02-15 22:32:09.641526+00:00
[2026-02-15T22:32:34.437+0000] {standard_task_runner.py:60} INFO - Started process 499 to run task
[2026-02-15T22:32:34.445+0000] {standard_task_runner.py:87} INFO - Running: ['airflow', 'tasks', 'run', 'sakiga_ds_pipeline', 'train_model', 'manual__2026-02-15T22:32:09.641526+00:00', '--job-id', '39', '--raw', '--subdir', 'DAGS_FOLDER/sakiga_ds_pipeline.py', '--cfg-path', '/tmp/tmpor45_ia8']
[2026-02-15T22:32:34.450+0000] {standard_task_runner.py:88} INFO - Job 39: Subtask train_model
[2026-02-15T22:32:34.546+0000] {task_command.py:423} INFO - Running <TaskInstance: sakiga_ds_pipeline.train_model manual__2026-02-15T22:32:09.641526+00:00 [running]> on host a6ca3feeab34
[2026-02-15T22:32:34.636+0000] {taskinstance.py:2513} INFO - Exporting env vars: AIRFLOW_CTX_DAG_OWNER='sakiga' AIRFLOW_CTX_DAG_ID='sakiga_ds_pipeline' AIRFLOW_CTX_TASK_ID='train_model' AIRFLOW_CTX_EXECUTION_DATE='2026-02-15T22:32:09.641526+00:00' AIRFLOW_CTX_TRY_NUMBER='1' AIRFLOW_CTX_DAG_RUN_ID='manual__2026-02-15T22:32:09.641526+00:00'
[2026-02-15T22:32:34.639+0000] {subprocess.py:63} INFO - Tmp dir root location: /tmp
[2026-02-15T22:32:34.639+0000] {subprocess.py:75} INFO - Running command: ['/usr/bin/bash', '-c', '\nset -e\necho "🤖 [SAKIGA] Train model"\n"/opt/project/.airflow_venv/bin/python" -m src.pipeline.train']
[2026-02-15T22:32:34.652+0000] {subprocess.py:86} INFO - Output:
[2026-02-15T22:32:34.655+0000] {subprocess.py:93} INFO - 🤖 [SAKIGA] Train model
[2026-02-15T22:33:43.671+0000] {subprocess.py:93} INFO - /opt/project/.airflow_venv/lib/python3.11/site-packages/sklearn/linear_model/_sag.py:349: ConvergenceWarning: The max_iter was reached which means the coef_ did not converge
[2026-02-15T22:33:43.672+0000] {subprocess.py:93} INFO -   warnings.warn(
[2026-02-15T22:33:43.672+0000] {subprocess.py:93} INFO - /opt/project/.airflow_venv/lib/python3.11/site-packages/sklearn/linear_model/_sag.py:349: ConvergenceWarning: The max_iter was reached which means the coef_ did not converge
[2026-02-15T22:33:43.675+0000] {subprocess.py:93} INFO -   warnings.warn(
[2026-02-15T22:33:43.679+0000] {subprocess.py:93} INFO - /opt/project/.airflow_venv/lib/python3.11/site-packages/sklearn/linear_model/_sag.py:349: ConvergenceWarning: The max_iter was reached which means the coef_ did not converge
[2026-02-15T22:33:43.679+0000] {subprocess.py:93} INFO -   warnings.warn(
[2026-02-15T22:33:43.683+0000] {subprocess.py:93} INFO - /opt/project/.airflow_venv/lib/python3.11/site-packages/sklearn/linear_model/_sag.py:349: ConvergenceWarning: The max_iter was reached which means the coef_ did not converge
[2026-02-15T22:33:43.684+0000] {subprocess.py:93} INFO -   warnings.warn(
[2026-02-15T22:33:43.849+0000] {subprocess.py:93} INFO - /opt/project/.airflow_venv/lib/python3.11/site-packages/sklearn/linear_model/_sag.py:349: ConvergenceWarning: The max_iter was reached which means the coef_ did not converge
[2026-02-15T22:33:43.849+0000] {subprocess.py:93} INFO -   warnings.warn(
[2026-02-15T22:33:43.857+0000] {subprocess.py:93} INFO - /opt/project/.airflow_venv/lib/python3.11/site-packages/sklearn/linear_model/_sag.py:349: ConvergenceWarning: The max_iter was reached which means the coef_ did not converge
[2026-02-15T22:33:43.858+0000] {subprocess.py:93} INFO -   warnings.warn(
[2026-02-15T22:33:43.861+0000] {subprocess.py:93} INFO - /opt/project/.airflow_venv/lib/python3.11/site-packages/sklearn/linear_model/_sag.py:349: ConvergenceWarning: The max_iter was reached which means the coef_ did not converge
[2026-02-15T22:33:43.863+0000] {subprocess.py:93} INFO -   warnings.warn(
[2026-02-15T22:33:43.864+0000] {subprocess.py:93} INFO - /opt/project/.airflow_venv/lib/python3.11/site-packages/sklearn/linear_model/_sag.py:349: ConvergenceWarning: The max_iter was reached which means the coef_ did not converge
[2026-02-15T22:33:43.866+0000] {subprocess.py:93} INFO -   warnings.warn(
[2026-02-15T22:33:44.022+0000] {subprocess.py:93} INFO - /opt/project/.airflow_venv/lib/python3.11/site-packages/sklearn/linear_model/_sag.py:349: ConvergenceWarning: The max_iter was reached which means the coef_ did not converge
[2026-02-15T22:33:44.023+0000] {subprocess.py:93} INFO -   warnings.warn(
[2026-02-15T22:33:44.282+0000] {subprocess.py:93} INFO - /opt/project/.airflow_venv/lib/python3.11/site-packages/sklearn/linear_model/_sag.py:349: ConvergenceWarning: The max_iter was reached which means the coef_ did not converge
[2026-02-15T22:33:44.283+0000] {subprocess.py:93} INFO -   warnings.warn(
[2026-02-15T22:33:45.467+0000] {subprocess.py:93} INFO - [OK] run_id = run_20260215_223344
[2026-02-15T22:33:45.468+0000] {subprocess.py:93} INFO - [OK] Best model (val): xgboost | val_primary=0.7634615384615384
[2026-02-15T22:33:45.468+0000] {subprocess.py:93} INFO - [OK] Final test primary: 0.7056410256410257
[2026-02-15T22:33:45.468+0000] {subprocess.py:93} INFO - [OK] Saved model: models/best_model.pkl
[2026-02-15T22:33:45.469+0000] {subprocess.py:93} INFO - [OK] Meta: reports/train_meta.json
[2026-02-15T22:33:45.469+0000] {subprocess.py:93} INFO - [OK] Snapshot: runs/run_20260215_223344
[2026-02-15T22:33:45.831+0000] {subprocess.py:97} INFO - Command exited with return code 0
[2026-02-15T22:33:45.870+0000] {taskinstance.py:1149} INFO - Marking task as SUCCESS. dag_id=sakiga_ds_pipeline, task_id=train_model, execution_date=20260215T223209, start_date=20260215T223234, end_date=20260215T223345
[2026-02-15T22:33:45.897+0000] {local_task_job_runner.py:234} INFO - Task exited with return code 0
[2026-02-15T22:33:45.914+0000] {taskinstance.py:3312} INFO - 1 downstream tasks scheduled from follow-on schedule check
