[2026-02-14T10:12:32.609+0000] {taskinstance.py:1979} INFO - Dependencies all met for dep_context=non-requeueable deps ti=<TaskInstance: sakiga_ds_pipeline.train_model manual__2026-02-14T09:27:20.123758+00:00 [queued]>
[2026-02-14T10:12:32.619+0000] {taskinstance.py:1979} INFO - Dependencies all met for dep_context=requeueable deps ti=<TaskInstance: sakiga_ds_pipeline.train_model manual__2026-02-14T09:27:20.123758+00:00 [queued]>
[2026-02-14T10:12:32.620+0000] {taskinstance.py:2193} INFO - Starting attempt 1 of 1
[2026-02-14T10:12:32.638+0000] {taskinstance.py:2217} INFO - Executing <Task(BashOperator): train_model> on 2026-02-14 09:27:20.123758+00:00
[2026-02-14T10:12:32.643+0000] {standard_task_runner.py:60} INFO - Started process 316 to run task
[2026-02-14T10:12:32.647+0000] {standard_task_runner.py:87} INFO - Running: ['airflow', 'tasks', 'run', 'sakiga_ds_pipeline', 'train_model', 'manual__2026-02-14T09:27:20.123758+00:00', '--job-id', '8', '--raw', '--subdir', 'DAGS_FOLDER/sakiga_ds_pipeline.py', '--cfg-path', '/tmp/tmpwuaeq0u4']
[2026-02-14T10:12:32.650+0000] {standard_task_runner.py:88} INFO - Job 8: Subtask train_model
[2026-02-14T10:12:33.130+0000] {task_command.py:423} INFO - Running <TaskInstance: sakiga_ds_pipeline.train_model manual__2026-02-14T09:27:20.123758+00:00 [running]> on host a6ca3feeab34
[2026-02-14T10:12:33.206+0000] {taskinstance.py:2513} INFO - Exporting env vars: AIRFLOW_CTX_DAG_OWNER='sakiga' AIRFLOW_CTX_DAG_ID='sakiga_ds_pipeline' AIRFLOW_CTX_TASK_ID='train_model' AIRFLOW_CTX_EXECUTION_DATE='2026-02-14T09:27:20.123758+00:00' AIRFLOW_CTX_TRY_NUMBER='1' AIRFLOW_CTX_DAG_RUN_ID='manual__2026-02-14T09:27:20.123758+00:00'
[2026-02-14T10:12:33.208+0000] {subprocess.py:63} INFO - Tmp dir root location: /tmp
[2026-02-14T10:12:33.209+0000] {subprocess.py:75} INFO - Running command: ['/usr/bin/bash', '-c', '\nset -e\necho "🤖 [SAKIGA] Train model"\n"/opt/project/.airflow_venv/bin/python" -m src.pipeline.train']
[2026-02-14T10:12:33.224+0000] {subprocess.py:86} INFO - Output:
[2026-02-14T10:12:33.225+0000] {subprocess.py:93} INFO - 🤖 [SAKIGA] Train model
[2026-02-14T10:13:26.331+0000] {subprocess.py:93} INFO - [OK] run_id = run_20260214_101324
[2026-02-14T10:13:26.335+0000] {subprocess.py:93} INFO - [OK] Best model (val): xgboost | val_primary=0.7634615384615384
[2026-02-14T10:13:26.336+0000] {subprocess.py:93} INFO - [OK] Final test primary: 0.7056410256410257
[2026-02-14T10:13:26.336+0000] {subprocess.py:93} INFO - [OK] Saved model: models/best_model.pkl
[2026-02-14T10:13:26.337+0000] {subprocess.py:93} INFO - [OK] Meta: reports/train_meta.json
[2026-02-14T10:13:26.338+0000] {subprocess.py:93} INFO - [OK] Snapshot: runs/run_20260214_101324
[2026-02-14T10:13:26.859+0000] {subprocess.py:97} INFO - Command exited with return code 0
[2026-02-14T10:13:26.884+0000] {taskinstance.py:1149} INFO - Marking task as SUCCESS. dag_id=sakiga_ds_pipeline, task_id=train_model, execution_date=20260214T092720, start_date=20260214T101232, end_date=20260214T101326
[2026-02-14T10:13:26.969+0000] {local_task_job_runner.py:234} INFO - Task exited with return code 0
[2026-02-14T10:13:26.987+0000] {taskinstance.py:3312} INFO - 1 downstream tasks scheduled from follow-on schedule check
