[2026-02-15T18:14:37.628+0000] {taskinstance.py:1979} INFO - Dependencies all met for dep_context=non-requeueable deps ti=<TaskInstance: sakiga_ds_pipeline.train_model scheduled__2026-02-14T00:00:00+00:00 [queued]>
[2026-02-15T18:14:37.641+0000] {taskinstance.py:1979} INFO - Dependencies all met for dep_context=requeueable deps ti=<TaskInstance: sakiga_ds_pipeline.train_model scheduled__2026-02-14T00:00:00+00:00 [queued]>
[2026-02-15T18:14:37.642+0000] {taskinstance.py:2193} INFO - Starting attempt 1 of 1
[2026-02-15T18:14:37.669+0000] {taskinstance.py:2217} INFO - Executing <Task(BashOperator): train_model> on 2026-02-14 00:00:00+00:00
[2026-02-15T18:14:37.697+0000] {standard_task_runner.py:60} INFO - Started process 84 to run task
[2026-02-15T18:14:37.702+0000] {standard_task_runner.py:87} INFO - Running: ['airflow', 'tasks', 'run', 'sakiga_ds_pipeline', 'train_model', 'scheduled__2026-02-14T00:00:00+00:00', '--job-id', '18', '--raw', '--subdir', 'DAGS_FOLDER/sakiga_ds_pipeline.py', '--cfg-path', '/tmp/tmpg3qrvwn8']
[2026-02-15T18:14:37.705+0000] {standard_task_runner.py:88} INFO - Job 18: Subtask train_model
[2026-02-15T18:14:37.787+0000] {task_command.py:423} INFO - Running <TaskInstance: sakiga_ds_pipeline.train_model scheduled__2026-02-14T00:00:00+00:00 [running]> on host a6ca3feeab34
[2026-02-15T18:14:37.864+0000] {taskinstance.py:2513} INFO - Exporting env vars: AIRFLOW_CTX_DAG_OWNER='sakiga' AIRFLOW_CTX_DAG_ID='sakiga_ds_pipeline' AIRFLOW_CTX_TASK_ID='train_model' AIRFLOW_CTX_EXECUTION_DATE='2026-02-14T00:00:00+00:00' AIRFLOW_CTX_TRY_NUMBER='1' AIRFLOW_CTX_DAG_RUN_ID='scheduled__2026-02-14T00:00:00+00:00'
[2026-02-15T18:14:37.867+0000] {subprocess.py:63} INFO - Tmp dir root location: /tmp
[2026-02-15T18:14:37.867+0000] {subprocess.py:75} INFO - Running command: ['/usr/bin/bash', '-c', '\nset -e\necho "🤖 [SAKIGA] Train model"\n"/opt/project/.airflow_venv/bin/python" -m src.pipeline.train']
[2026-02-15T18:14:37.899+0000] {subprocess.py:86} INFO - Output:
[2026-02-15T18:14:38.124+0000] {subprocess.py:93} INFO - 🤖 [SAKIGA] Train model
[2026-02-15T18:16:38.392+0000] {subprocess.py:93} INFO - [OK] run_id = run_20260215_181637
[2026-02-15T18:16:38.393+0000] {subprocess.py:93} INFO - [OK] Best model (val): xgboost | val_primary=0.7188931268228078
[2026-02-15T18:16:38.394+0000] {subprocess.py:93} INFO - [OK] Final test primary: 0.763543399065917
[2026-02-15T18:16:38.395+0000] {subprocess.py:93} INFO - [OK] Saved model: models/best_model.pkl
[2026-02-15T18:16:38.396+0000] {subprocess.py:93} INFO - [OK] Meta: reports/train_meta.json
[2026-02-15T18:16:38.397+0000] {subprocess.py:93} INFO - [OK] Snapshot: runs/run_20260215_181637
[2026-02-15T18:16:39.015+0000] {subprocess.py:97} INFO - Command exited with return code 0
[2026-02-15T18:16:39.095+0000] {taskinstance.py:1149} INFO - Marking task as SUCCESS. dag_id=sakiga_ds_pipeline, task_id=train_model, execution_date=20260214T000000, start_date=20260215T181437, end_date=20260215T181639
[2026-02-15T18:16:39.146+0000] {local_task_job_runner.py:234} INFO - Task exited with return code 0
[2026-02-15T18:16:39.164+0000] {taskinstance.py:3312} INFO - 1 downstream tasks scheduled from follow-on schedule check
