[2026-02-14T10:12:03.026+0000] {taskinstance.py:1979} INFO - Dependencies all met for dep_context=non-requeueable deps ti=<TaskInstance: sakiga_ds_pipeline.prepare_data manual__2026-02-14T09:49:46.433592+00:00 [queued]>
[2026-02-14T10:12:03.037+0000] {taskinstance.py:1979} INFO - Dependencies all met for dep_context=requeueable deps ti=<TaskInstance: sakiga_ds_pipeline.prepare_data manual__2026-02-14T09:49:46.433592+00:00 [queued]>
[2026-02-14T10:12:03.038+0000] {taskinstance.py:2193} INFO - Starting attempt 1 of 1
[2026-02-14T10:12:03.086+0000] {taskinstance.py:2217} INFO - Executing <Task(BashOperator): prepare_data> on 2026-02-14 09:49:46.433592+00:00
[2026-02-14T10:12:03.128+0000] {standard_task_runner.py:60} INFO - Started process 284 to run task
[2026-02-14T10:12:03.135+0000] {standard_task_runner.py:87} INFO - Running: ['airflow', 'tasks', 'run', 'sakiga_ds_pipeline', 'prepare_data', 'manual__2026-02-14T09:49:46.433592+00:00', '--job-id', '7', '--raw', '--subdir', 'DAGS_FOLDER/sakiga_ds_pipeline.py', '--cfg-path', '/tmp/tmpg__8m7rb']
[2026-02-14T10:12:03.138+0000] {standard_task_runner.py:88} INFO - Job 7: Subtask prepare_data
[2026-02-14T10:12:03.279+0000] {task_command.py:423} INFO - Running <TaskInstance: sakiga_ds_pipeline.prepare_data manual__2026-02-14T09:49:46.433592+00:00 [running]> on host a6ca3feeab34
[2026-02-14T10:12:03.477+0000] {taskinstance.py:2513} INFO - Exporting env vars: AIRFLOW_CTX_DAG_OWNER='sakiga' AIRFLOW_CTX_DAG_ID='sakiga_ds_pipeline' AIRFLOW_CTX_TASK_ID='prepare_data' AIRFLOW_CTX_EXECUTION_DATE='2026-02-14T09:49:46.433592+00:00' AIRFLOW_CTX_TRY_NUMBER='1' AIRFLOW_CTX_DAG_RUN_ID='manual__2026-02-14T09:49:46.433592+00:00'
[2026-02-14T10:12:03.482+0000] {subprocess.py:63} INFO - Tmp dir root location: /tmp
[2026-02-14T10:12:03.483+0000] {subprocess.py:75} INFO - Running command: ['/usr/bin/bash', '-c', '\nset -e\necho "📦 [SAKIGA] Prepare data"\npython3 -m venv "/opt/project/.airflow_venv" || true\n\nREQ_HASH=$(python3 - << \'PY\'\nimport hashlib, pathlib\np = pathlib.Path("/opt/project/requirements.txt")\nh = hashlib.sha256(p.read_bytes()).hexdigest() if p.exists() else "missing"\nprint(h)\nPY\n)\n\nif [ ! -f "/opt/project/.airflow_venv/.req_hash" ] || [ "$(cat /opt/project/.airflow_venv/.req_hash)" != "$REQ_HASH" ]; then\n  echo "🔧 Installing requirements into venv (first time / updated requirements)..."\n  "/opt/project/.airflow_venv/bin/pip" install --upgrade pip setuptools wheel >/dev/null\n  "/opt/project/.airflow_venv/bin/pip" install -r "/opt/project/requirements.txt"\n  echo "$REQ_HASH" > "/opt/project/.airflow_venv/.req_hash"\nelse\n  echo "✅ venv already ready"\nfi\n\n"/opt/project/.airflow_venv/bin/python" -m src.pipeline.prepare_data']
[2026-02-14T10:12:03.513+0000] {subprocess.py:86} INFO - Output:
[2026-02-14T10:12:03.915+0000] {subprocess.py:93} INFO - 📦 [SAKIGA] Prepare data
[2026-02-14T10:12:18.127+0000] {subprocess.py:93} INFO - ✅ venv already ready
[2026-02-14T10:12:28.676+0000] {subprocess.py:93} INFO - [OK] Saved: data/processed/dataset.csv | rows: 1021
[2026-02-14T10:12:28.677+0000] {subprocess.py:93} INFO - [OK] EDA: reports/eda_summary.json + reports/eda_missing.csv + reports/eda_outliers.csv
[2026-02-14T10:12:28.902+0000] {subprocess.py:97} INFO - Command exited with return code 0
[2026-02-14T10:12:28.929+0000] {taskinstance.py:1149} INFO - Marking task as SUCCESS. dag_id=sakiga_ds_pipeline, task_id=prepare_data, execution_date=20260214T094946, start_date=20260214T101203, end_date=20260214T101228
[2026-02-14T10:12:29.003+0000] {local_task_job_runner.py:234} INFO - Task exited with return code 0
[2026-02-14T10:12:29.022+0000] {taskinstance.py:3312} INFO - 1 downstream tasks scheduled from follow-on schedule check
