[2026-02-15T21:49:12.609+0000] {taskinstance.py:1979} INFO - Dependencies all met for dep_context=non-requeueable deps ti=<TaskInstance: sakiga_ds_pipeline.train_model manual__2026-02-15T19:19:05.574071+00:00 [queued]>
[2026-02-15T21:49:12.616+0000] {taskinstance.py:1979} INFO - Dependencies all met for dep_context=requeueable deps ti=<TaskInstance: sakiga_ds_pipeline.train_model manual__2026-02-15T19:19:05.574071+00:00 [queued]>
[2026-02-15T21:49:12.617+0000] {taskinstance.py:2193} INFO - Starting attempt 1 of 1
[2026-02-15T21:49:12.677+0000] {taskinstance.py:2217} INFO - Executing <Task(BashOperator): train_model> on 2026-02-15 19:19:05.574071+00:00
[2026-02-15T21:49:12.687+0000] {standard_task_runner.py:60} INFO - Started process 48 to run task
[2026-02-15T21:49:12.693+0000] {standard_task_runner.py:87} INFO - Running: ['airflow', 'tasks', 'run', 'sakiga_ds_pipeline', 'train_model', 'manual__2026-02-15T19:19:05.574071+00:00', '--job-id', '23', '--raw', '--subdir', 'DAGS_FOLDER/sakiga_ds_pipeline.py', '--cfg-path', '/tmp/tmp0zt0ag6w']
[2026-02-15T21:49:12.698+0000] {standard_task_runner.py:88} INFO - Job 23: Subtask train_model
[2026-02-15T21:49:13.061+0000] {task_command.py:423} INFO - Running <TaskInstance: sakiga_ds_pipeline.train_model manual__2026-02-15T19:19:05.574071+00:00 [running]> on host a6ca3feeab34
[2026-02-15T21:49:13.167+0000] {taskinstance.py:2513} INFO - Exporting env vars: AIRFLOW_CTX_DAG_OWNER='sakiga' AIRFLOW_CTX_DAG_ID='sakiga_ds_pipeline' AIRFLOW_CTX_TASK_ID='train_model' AIRFLOW_CTX_EXECUTION_DATE='2026-02-15T19:19:05.574071+00:00' AIRFLOW_CTX_TRY_NUMBER='1' AIRFLOW_CTX_DAG_RUN_ID='manual__2026-02-15T19:19:05.574071+00:00'
[2026-02-15T21:49:13.170+0000] {subprocess.py:63} INFO - Tmp dir root location: /tmp
[2026-02-15T21:49:13.171+0000] {subprocess.py:75} INFO - Running command: ['/usr/bin/bash', '-c', '\nset -e\necho "🤖 [SAKIGA] Train model"\n"/opt/project/.airflow_venv/bin/python" -m src.pipeline.train']
[2026-02-15T21:49:13.182+0000] {subprocess.py:86} INFO - Output:
[2026-02-15T21:49:13.185+0000] {subprocess.py:93} INFO - 🤖 [SAKIGA] Train model
[2026-02-15T21:50:46.799+0000] {subprocess.py:93} INFO - /opt/project/.airflow_venv/lib/python3.11/site-packages/sklearn/linear_model/_sag.py:349: ConvergenceWarning: The max_iter was reached which means the coef_ did not converge
[2026-02-15T21:50:47.374+0000] {subprocess.py:93} INFO -   warnings.warn(
[2026-02-15T21:50:47.708+0000] {subprocess.py:93} INFO - /opt/project/.airflow_venv/lib/python3.11/site-packages/sklearn/linear_model/_sag.py:349: ConvergenceWarning: The max_iter was reached which means the coef_ did not converge
[2026-02-15T21:50:47.709+0000] {subprocess.py:93} INFO -   warnings.warn(
[2026-02-15T21:50:47.710+0000] {subprocess.py:93} INFO - /opt/project/.airflow_venv/lib/python3.11/site-packages/sklearn/linear_model/_sag.py:349: ConvergenceWarning: The max_iter was reached which means the coef_ did not converge
[2026-02-15T21:50:47.711+0000] {subprocess.py:93} INFO -   warnings.warn(
[2026-02-15T21:50:47.712+0000] {subprocess.py:93} INFO - /opt/project/.airflow_venv/lib/python3.11/site-packages/sklearn/linear_model/_sag.py:349: ConvergenceWarning: The max_iter was reached which means the coef_ did not converge
[2026-02-15T21:50:47.713+0000] {subprocess.py:93} INFO -   warnings.warn(
[2026-02-15T21:50:47.714+0000] {subprocess.py:93} INFO - /opt/project/.airflow_venv/lib/python3.11/site-packages/sklearn/linear_model/_sag.py:349: ConvergenceWarning: The max_iter was reached which means the coef_ did not converge
[2026-02-15T21:50:47.715+0000] {subprocess.py:93} INFO -   warnings.warn(
[2026-02-15T21:50:47.716+0000] {subprocess.py:93} INFO - /opt/project/.airflow_venv/lib/python3.11/site-packages/sklearn/linear_model/_sag.py:349: ConvergenceWarning: The max_iter was reached which means the coef_ did not converge
[2026-02-15T21:50:47.717+0000] {subprocess.py:93} INFO -   warnings.warn(
[2026-02-15T21:50:47.719+0000] {subprocess.py:93} INFO - /opt/project/.airflow_venv/lib/python3.11/site-packages/sklearn/linear_model/_sag.py:349: ConvergenceWarning: The max_iter was reached which means the coef_ did not converge
[2026-02-15T21:50:47.720+0000] {subprocess.py:93} INFO -   warnings.warn(
[2026-02-15T21:50:47.721+0000] {subprocess.py:93} INFO - /opt/project/.airflow_venv/lib/python3.11/site-packages/sklearn/linear_model/_sag.py:349: ConvergenceWarning: The max_iter was reached which means the coef_ did not converge
[2026-02-15T21:50:47.722+0000] {subprocess.py:93} INFO -   warnings.warn(
[2026-02-15T21:50:47.722+0000] {subprocess.py:93} INFO - /opt/project/.airflow_venv/lib/python3.11/site-packages/sklearn/linear_model/_sag.py:349: ConvergenceWarning: The max_iter was reached which means the coef_ did not converge
[2026-02-15T21:50:47.724+0000] {subprocess.py:93} INFO -   warnings.warn(
[2026-02-15T21:50:47.724+0000] {subprocess.py:93} INFO - /opt/project/.airflow_venv/lib/python3.11/site-packages/sklearn/linear_model/_sag.py:349: ConvergenceWarning: The max_iter was reached which means the coef_ did not converge
[2026-02-15T21:50:47.725+0000] {subprocess.py:93} INFO -   warnings.warn(
[2026-02-15T21:50:49.782+0000] {subprocess.py:93} INFO - [OK] run_id = run_20260215_215047
[2026-02-15T21:50:49.782+0000] {subprocess.py:93} INFO - [OK] Best model (val): xgboost | val_primary=0.7634615384615384
[2026-02-15T21:50:49.783+0000] {subprocess.py:93} INFO - [OK] Final test primary: 0.7056410256410257
[2026-02-15T21:50:49.784+0000] {subprocess.py:93} INFO - [OK] Saved model: models/best_model.pkl
[2026-02-15T21:50:49.784+0000] {subprocess.py:93} INFO - [OK] Meta: reports/train_meta.json
[2026-02-15T21:50:49.785+0000] {subprocess.py:93} INFO - [OK] Snapshot: runs/run_20260215_215047
[2026-02-15T21:50:50.396+0000] {subprocess.py:97} INFO - Command exited with return code 0
[2026-02-15T21:50:50.438+0000] {taskinstance.py:1149} INFO - Marking task as SUCCESS. dag_id=sakiga_ds_pipeline, task_id=train_model, execution_date=20260215T191905, start_date=20260215T214912, end_date=20260215T215050
[2026-02-15T21:50:50.595+0000] {local_task_job_runner.py:234} INFO - Task exited with return code 0
[2026-02-15T21:50:50.630+0000] {taskinstance.py:3312} INFO - 1 downstream tasks scheduled from follow-on schedule check
