{"__type":"$$EventMessageAudit","id":"4730d3eb-4d75-4246-80ba-cdd614a34122","ts":"2026-02-15T12:04:22.120-05:00","eventName":"n8n.audit.workflow.created","message":"n8n.audit.workflow.created","payload":{"userId":"5aa3d017-b0cb-4ca9-981e-4a30216cac4b","_email":"saidkamel201306@gmail.com","_firstName":"KAMEL","_lastName":"Said","globalRole":"global:owner","workflowId":"NzxaA4Srfa2uA0Du","workflowName":"My workflow 2"}}
{"__type":"$$EventMessageConfirm","confirm":"4730d3eb-4d75-4246-80ba-cdd614a34122","ts":"2026-02-15T12:04:22.121-05:00","source":{"id":"0","name":"eventBus"}}
{"__type":"$$EventMessageAudit","id":"3239db82-4dd5-407d-b405-9c22d49f5f4d","ts":"2026-02-15T12:24:07.312-05:00","eventName":"n8n.audit.workflow.updated","message":"n8n.audit.workflow.updated","payload":{"userId":"5aa3d017-b0cb-4ca9-981e-4a30216cac4b","_email":"saidkamel201306@gmail.com","_firstName":"KAMEL","_lastName":"Said","globalRole":"global:owner","workflowId":"NzxaA4Srfa2uA0Du","workflowName":"My workflow 2"}}
{"__type":"$$EventMessageConfirm","confirm":"3239db82-4dd5-407d-b405-9c22d49f5f4d","ts":"2026-02-15T12:24:07.313-05:00","source":{"id":"0","name":"eventBus"}}
{"__type":"$$EventMessageWorkflow","id":"2f75439b-833d-4aca-a8f7-2665a0d2b306","ts":"2026-02-15T12:26:08.407-05:00","eventName":"n8n.workflow.started","message":"n8n.workflow.started","payload":{"executionId":"2","workflowId":"NzxaA4Srfa2uA0Du","isManual":false,"workflowName":"My workflow 2"}}
{"__type":"$$EventMessageConfirm","confirm":"2f75439b-833d-4aca-a8f7-2665a0d2b306","ts":"2026-02-15T12:26:08.407-05:00","source":{"id":"0","name":"eventBus"}}
{"__type":"$$EventMessageNode","id":"8af43017-7765-4ec0-b655-05efc9c327e1","ts":"2026-02-15T12:26:08.408-05:00","eventName":"n8n.node.started","message":"n8n.node.started","payload":{"workflowId":"NzxaA4Srfa2uA0Du","workflowName":"My workflow 2","executionId":"2","nodeType":"n8n-nodes-base.webhook","nodeName":"Webhook"}}
{"__type":"$$EventMessageConfirm","confirm":"8af43017-7765-4ec0-b655-05efc9c327e1","ts":"2026-02-15T12:26:08.408-05:00","source":{"id":"0","name":"eventBus"}}
{"__type":"$$EventMessageNode","id":"8b7e04e2-7ab5-4bd3-b246-e7b6a514d27e","ts":"2026-02-15T12:26:08.411-05:00","eventName":"n8n.node.finished","message":"n8n.node.finished","payload":{"workflowId":"NzxaA4Srfa2uA0Du","workflowName":"My workflow 2","executionId":"2","nodeType":"n8n-nodes-base.webhook","nodeName":"Webhook"}}
{"__type":"$$EventMessageConfirm","confirm":"8b7e04e2-7ab5-4bd3-b246-e7b6a514d27e","ts":"2026-02-15T12:26:08.411-05:00","source":{"id":"0","name":"eventBus"}}
{"__type":"$$EventMessageWorkflow","id":"dd6f40e9-e3d1-42f3-b99a-4ecec5ec7e4b","ts":"2026-02-15T12:26:08.451-05:00","eventName":"n8n.workflow.failed","message":"n8n.workflow.failed","payload":{"executionId":"2","success":false,"isManual":false,"workflowId":"NzxaA4Srfa2uA0Du","workflowName":"My workflow 2","lastNodeExecuted":"Webhook","errorNodeType":"n8n-nodes-base.webhook","errorMessage":"Webhook node not correctly configured"}}
{"__type":"$$EventMessageConfirm","confirm":"dd6f40e9-e3d1-42f3-b99a-4ecec5ec7e4b","ts":"2026-02-15T12:26:08.451-05:00","source":{"id":"0","name":"eventBus"}}
{"__type":"$$EventMessageWorkflow","id":"2dc91831-283b-41e9-a4f8-8f4a0d26c203","ts":"2026-02-15T12:47:50.737-05:00","eventName":"n8n.workflow.started","message":"n8n.workflow.started","payload":{"executionId":"3","workflowId":"NzxaA4Srfa2uA0Du","isManual":true,"workflowName":"My workflow 2"}}
{"__type":"$$EventMessageConfirm","confirm":"2dc91831-283b-41e9-a4f8-8f4a0d26c203","ts":"2026-02-15T12:47:50.737-05:00","source":{"id":"0","name":"eventBus"}}
{"__type":"$$EventMessageNode","id":"ae4d1ec6-5adb-4aa7-90f3-610563b5eaa8","ts":"2026-02-15T12:47:50.739-05:00","eventName":"n8n.node.started","message":"n8n.node.started","payload":{"workflowId":"NzxaA4Srfa2uA0Du","workflowName":"My workflow 2","executionId":"3","nodeType":"n8n-nodes-base.webhook","nodeName":"Webhook"}}
{"__type":"$$EventMessageConfirm","confirm":"ae4d1ec6-5adb-4aa7-90f3-610563b5eaa8","ts":"2026-02-15T12:47:50.739-05:00","source":{"id":"0","name":"eventBus"}}
{"__type":"$$EventMessageNode","id":"b6ff9a79-d147-4a46-b285-7a1d776d7c65","ts":"2026-02-15T12:47:50.740-05:00","eventName":"n8n.node.finished","message":"n8n.node.finished","payload":{"workflowId":"NzxaA4Srfa2uA0Du","workflowName":"My workflow 2","executionId":"3","nodeType":"n8n-nodes-base.webhook","nodeName":"Webhook"}}
{"__type":"$$EventMessageConfirm","confirm":"b6ff9a79-d147-4a46-b285-7a1d776d7c65","ts":"2026-02-15T12:47:50.741-05:00","source":{"id":"0","name":"eventBus"}}
{"__type":"$$EventMessageWorkflow","id":"8e6b1856-f096-42fa-88ef-11f1396518e8","ts":"2026-02-15T12:47:50.966-05:00","eventName":"n8n.workflow.failed","message":"n8n.workflow.failed","payload":{"executionId":"3","success":false,"isManual":true,"workflowId":"NzxaA4Srfa2uA0Du","workflowName":"My workflow 2","lastNodeExecuted":"Webhook","errorNodeType":"n8n-nodes-base.webhook","errorMessage":"Webhook node not correctly configured"}}
{"__type":"$$EventMessageConfirm","confirm":"8e6b1856-f096-42fa-88ef-11f1396518e8","ts":"2026-02-15T12:47:50.966-05:00","source":{"id":"0","name":"eventBus"}}
{"__type":"$$EventMessageAudit","id":"e06114e9-e051-4f9d-b07c-a0094112db05","ts":"2026-02-15T13:06:57.363-05:00","eventName":"n8n.audit.user.credentials.created","message":"n8n.audit.user.credentials.created","payload":{"userId":"5aa3d017-b0cb-4ca9-981e-4a30216cac4b","_email":"saidkamel201306@gmail.com","_firstName":"KAMEL","_lastName":"Said","globalRole":"global:owner","credentialType":"httpBasicAuth","credentialId":"o5VbQQjj2r4Ix6bJ","publicApi":false,"projectId":"Cnwg8ZKQn6z42kUu","projectType":"personal"}}
{"__type":"$$EventMessageConfirm","confirm":"e06114e9-e051-4f9d-b07c-a0094112db05","ts":"2026-02-15T13:06:57.365-05:00","source":{"id":"0","name":"eventBus"}}
{"__type":"$$EventMessageAudit","id":"b6a8459b-614d-435e-b7cf-f5c49aad5d5e","ts":"2026-02-15T13:08:56.903-05:00","eventName":"n8n.audit.workflow.updated","message":"n8n.audit.workflow.updated","payload":{"userId":"5aa3d017-b0cb-4ca9-981e-4a30216cac4b","_email":"saidkamel201306@gmail.com","_firstName":"KAMEL","_lastName":"Said","globalRole":"global:owner","workflowId":"NzxaA4Srfa2uA0Du","workflowName":"My workflow 2"}}
{"__type":"$$EventMessageConfirm","confirm":"b6a8459b-614d-435e-b7cf-f5c49aad5d5e","ts":"2026-02-15T13:08:56.903-05:00","source":{"id":"0","name":"eventBus"}}
{"__type":"$$EventMessageAudit","id":"469f6402-05ed-491e-981c-81e47d458dc7","ts":"2026-02-15T13:10:37.631-05:00","eventName":"n8n.audit.workflow.updated","message":"n8n.audit.workflow.updated","payload":{"userId":"5aa3d017-b0cb-4ca9-981e-4a30216cac4b","_email":"saidkamel201306@gmail.com","_firstName":"KAMEL","_lastName":"Said","globalRole":"global:owner","workflowId":"NzxaA4Srfa2uA0Du","workflowName":"My workflow 2"}}
{"__type":"$$EventMessageConfirm","confirm":"469f6402-05ed-491e-981c-81e47d458dc7","ts":"2026-02-15T13:10:37.631-05:00","source":{"id":"0","name":"eventBus"}}
{"__type":"$$EventMessageAudit","id":"a7f85841-f238-4da3-bac0-f8c8b505992a","ts":"2026-02-15T13:11:04.016-05:00","eventName":"n8n.audit.workflow.updated","message":"n8n.audit.workflow.updated","payload":{"userId":"5aa3d017-b0cb-4ca9-981e-4a30216cac4b","_email":"saidkamel201306@gmail.com","_firstName":"KAMEL","_lastName":"Said","globalRole":"global:owner","workflowId":"NzxaA4Srfa2uA0Du","workflowName":"My workflow 2"}}
{"__type":"$$EventMessageConfirm","confirm":"a7f85841-f238-4da3-bac0-f8c8b505992a","ts":"2026-02-15T13:11:04.017-05:00","source":{"id":"0","name":"eventBus"}}
{"__type":"$$EventMessageAudit","id":"aa61e53a-46f5-4553-ad5d-3d605fdcf182","ts":"2026-02-15T13:11:05.388-05:00","eventName":"n8n.audit.workflow.updated","message":"n8n.audit.workflow.updated","payload":{"userId":"5aa3d017-b0cb-4ca9-981e-4a30216cac4b","_email":"saidkamel201306@gmail.com","_firstName":"KAMEL","_lastName":"Said","globalRole":"global:owner","workflowId":"NzxaA4Srfa2uA0Du","workflowName":"My workflow 2"}}
{"__type":"$$EventMessageConfirm","confirm":"aa61e53a-46f5-4553-ad5d-3d605fdcf182","ts":"2026-02-15T13:11:05.389-05:00","source":{"id":"0","name":"eventBus"}}
{"__type":"$$EventMessageAudit","id":"4c0bd7db-71c5-4af1-ba0d-9fe30cf6509c","ts":"2026-02-15T13:53:38.436-05:00","eventName":"n8n.audit.user.credentials.updated","message":"n8n.audit.user.credentials.updated","payload":{"userId":"5aa3d017-b0cb-4ca9-981e-4a30216cac4b","_email":"saidkamel201306@gmail.com","_firstName":"KAMEL","_lastName":"Said","globalRole":"global:owner","credentialType":"httpBasicAuth","credentialId":"9JQlxce5YHO6HKKa"}}
{"__type":"$$EventMessageConfirm","confirm":"4c0bd7db-71c5-4af1-ba0d-9fe30cf6509c","ts":"2026-02-15T13:53:38.577-05:00","source":{"id":"0","name":"eventBus"}}
{"__type":"$$EventMessageAudit","id":"d9b89b5a-d412-480a-8ce0-7a3b5149e352","ts":"2026-02-15T13:54:09.782-05:00","eventName":"n8n.audit.workflow.updated","message":"n8n.audit.workflow.updated","payload":{"userId":"5aa3d017-b0cb-4ca9-981e-4a30216cac4b","_email":"saidkamel201306@gmail.com","_firstName":"KAMEL","_lastName":"Said","globalRole":"global:owner","workflowId":"NzxaA4Srfa2uA0Du","workflowName":"My workflow 2"}}
{"__type":"$$EventMessageConfirm","confirm":"d9b89b5a-d412-480a-8ce0-7a3b5149e352","ts":"2026-02-15T13:54:09.782-05:00","source":{"id":"0","name":"eventBus"}}
{"__type":"$$EventMessageWorkflow","id":"db93aca9-aea3-4958-b5d6-e98e6aa42904","ts":"2026-02-15T13:55:14.558-05:00","eventName":"n8n.workflow.started","message":"n8n.workflow.started","payload":{"executionId":"4","workflowId":"NzxaA4Srfa2uA0Du","isManual":false,"workflowName":"My workflow 2"}}
{"__type":"$$EventMessageConfirm","confirm":"db93aca9-aea3-4958-b5d6-e98e6aa42904","ts":"2026-02-15T13:55:14.559-05:00","source":{"id":"0","name":"eventBus"}}
{"__type":"$$EventMessageNode","id":"31590f73-234f-4867-a4e2-de6ceaaae2c4","ts":"2026-02-15T13:55:14.569-05:00","eventName":"n8n.node.started","message":"n8n.node.started","payload":{"workflowId":"NzxaA4Srfa2uA0Du","workflowName":"My workflow 2","executionId":"4","nodeType":"n8n-nodes-base.webhook","nodeName":"Webhook"}}
{"__type":"$$EventMessageConfirm","confirm":"31590f73-234f-4867-a4e2-de6ceaaae2c4","ts":"2026-02-15T13:55:14.569-05:00","source":{"id":"0","name":"eventBus"}}
{"__type":"$$EventMessageNode","id":"09a1f395-d9bd-44c8-bc8e-96fb5fc452f3","ts":"2026-02-15T13:55:14.657-05:00","eventName":"n8n.node.finished","message":"n8n.node.finished","payload":{"workflowId":"NzxaA4Srfa2uA0Du","workflowName":"My workflow 2","executionId":"4","nodeType":"n8n-nodes-base.webhook","nodeName":"Webhook"}}
{"__type":"$$EventMessageConfirm","confirm":"09a1f395-d9bd-44c8-bc8e-96fb5fc452f3","ts":"2026-02-15T13:55:14.657-05:00","source":{"id":"0","name":"eventBus"}}
{"__type":"$$EventMessageNode","id":"9a792210-5189-48f5-b89e-12cb20fc74bc","ts":"2026-02-15T13:55:14.657-05:00","eventName":"n8n.node.started","message":"n8n.node.started","payload":{"workflowId":"NzxaA4Srfa2uA0Du","workflowName":"My workflow 2","executionId":"4","nodeType":"n8n-nodes-base.httpRequest","nodeName":"Trigger Airflow"}}
{"__type":"$$EventMessageConfirm","confirm":"9a792210-5189-48f5-b89e-12cb20fc74bc","ts":"2026-02-15T13:55:14.657-05:00","source":{"id":"0","name":"eventBus"}}
{"__type":"$$EventMessageNode","id":"9d2724a0-04aa-4d97-990f-d19c97f25644","ts":"2026-02-15T13:55:50.670-05:00","eventName":"n8n.node.finished","message":"n8n.node.finished","payload":{"workflowId":"NzxaA4Srfa2uA0Du","workflowName":"My workflow 2","executionId":"4","nodeType":"n8n-nodes-base.httpRequest","nodeName":"Trigger Airflow"}}
{"__type":"$$EventMessageConfirm","confirm":"9d2724a0-04aa-4d97-990f-d19c97f25644","ts":"2026-02-15T13:55:50.670-05:00","source":{"id":"0","name":"eventBus"}}
{"__type":"$$EventMessageWorkflow","id":"e17e5d9d-ae12-494d-bc99-7e38a488b614","ts":"2026-02-15T13:55:50.762-05:00","eventName":"n8n.workflow.failed","message":"n8n.workflow.failed","payload":{"executionId":"4","success":false,"isManual":false,"workflowId":"NzxaA4Srfa2uA0Du","workflowName":"My workflow 2","lastNodeExecuted":"Trigger Airflow","errorNodeType":"n8n-nodes-base.httpRequest","errorMessage":"Bad request - please check your parameters"}}
{"__type":"$$EventMessageConfirm","confirm":"e17e5d9d-ae12-494d-bc99-7e38a488b614","ts":"2026-02-15T13:55:50.762-05:00","source":{"id":"0","name":"eventBus"}}
{"__type":"$$EventMessageWorkflow","id":"449c8ec7-ac81-437c-acc5-fd79aa848452","ts":"2026-02-15T13:56:36.162-05:00","eventName":"n8n.workflow.started","message":"n8n.workflow.started","payload":{"executionId":"5","workflowId":"NzxaA4Srfa2uA0Du","isManual":false,"workflowName":"My workflow 2"}}
{"__type":"$$EventMessageConfirm","confirm":"449c8ec7-ac81-437c-acc5-fd79aa848452","ts":"2026-02-15T13:56:36.163-05:00","source":{"id":"0","name":"eventBus"}}
{"__type":"$$EventMessageNode","id":"9ba0a931-a53c-4921-8282-dd0123e34cf4","ts":"2026-02-15T13:56:36.163-05:00","eventName":"n8n.node.started","message":"n8n.node.started","payload":{"workflowId":"NzxaA4Srfa2uA0Du","workflowName":"My workflow 2","executionId":"5","nodeType":"n8n-nodes-base.webhook","nodeName":"Webhook"}}
{"__type":"$$EventMessageConfirm","confirm":"9ba0a931-a53c-4921-8282-dd0123e34cf4","ts":"2026-02-15T13:56:36.163-05:00","source":{"id":"0","name":"eventBus"}}
{"__type":"$$EventMessageNode","id":"d404c256-ff96-43f4-bc86-42479e7fe06b","ts":"2026-02-15T13:56:36.163-05:00","eventName":"n8n.node.finished","message":"n8n.node.finished","payload":{"workflowId":"NzxaA4Srfa2uA0Du","workflowName":"My workflow 2","executionId":"5","nodeType":"n8n-nodes-base.webhook","nodeName":"Webhook"}}
{"__type":"$$EventMessageConfirm","confirm":"d404c256-ff96-43f4-bc86-42479e7fe06b","ts":"2026-02-15T13:56:36.163-05:00","source":{"id":"0","name":"eventBus"}}
{"__type":"$$EventMessageNode","id":"2bc7aad4-803c-4773-b6de-8dea5c1f409d","ts":"2026-02-15T13:56:36.163-05:00","eventName":"n8n.node.started","message":"n8n.node.started","payload":{"workflowId":"NzxaA4Srfa2uA0Du","workflowName":"My workflow 2","executionId":"5","nodeType":"n8n-nodes-base.httpRequest","nodeName":"Trigger Airflow"}}
{"__type":"$$EventMessageConfirm","confirm":"2bc7aad4-803c-4773-b6de-8dea5c1f409d","ts":"2026-02-15T13:56:36.164-05:00","source":{"id":"0","name":"eventBus"}}
{"__type":"$$EventMessageNode","id":"9070502e-8cf5-4cfa-8b2d-c620d6d96ab4","ts":"2026-02-15T13:56:48.733-05:00","eventName":"n8n.node.finished","message":"n8n.node.finished","payload":{"workflowId":"NzxaA4Srfa2uA0Du","workflowName":"My workflow 2","executionId":"5","nodeType":"n8n-nodes-base.httpRequest","nodeName":"Trigger Airflow"}}
{"__type":"$$EventMessageConfirm","confirm":"9070502e-8cf5-4cfa-8b2d-c620d6d96ab4","ts":"2026-02-15T13:56:48.733-05:00","source":{"id":"0","name":"eventBus"}}
{"__type":"$$EventMessageWorkflow","id":"bd772961-a5db-4482-bb83-03c00076b840","ts":"2026-02-15T13:56:48.951-05:00","eventName":"n8n.workflow.failed","message":"n8n.workflow.failed","payload":{"executionId":"5","success":false,"isManual":false,"workflowId":"NzxaA4Srfa2uA0Du","workflowName":"My workflow 2","lastNodeExecuted":"Trigger Airflow","errorNodeType":"n8n-nodes-base.httpRequest","errorMessage":"Bad request - please check your parameters"}}
{"__type":"$$EventMessageConfirm","confirm":"bd772961-a5db-4482-bb83-03c00076b840","ts":"2026-02-15T13:56:48.951-05:00","source":{"id":"0","name":"eventBus"}}
{"__type":"$$EventMessageAudit","id":"a59efa71-ed9f-4d4f-a3da-f78edef7ada7","ts":"2026-02-15T13:59:49.019-05:00","eventName":"n8n.audit.workflow.updated","message":"n8n.audit.workflow.updated","payload":{"userId":"5aa3d017-b0cb-4ca9-981e-4a30216cac4b","_email":"saidkamel201306@gmail.com","_firstName":"KAMEL","_lastName":"Said","globalRole":"global:owner","workflowId":"NzxaA4Srfa2uA0Du","workflowName":"My workflow 2"}}
{"__type":"$$EventMessageConfirm","confirm":"a59efa71-ed9f-4d4f-a3da-f78edef7ada7","ts":"2026-02-15T13:59:49.019-05:00","source":{"id":"0","name":"eventBus"}}
{"__type":"$$EventMessageWorkflow","id":"bc386d66-9c1c-4d5a-92a3-c5206da3bdfc","ts":"2026-02-15T14:00:14.401-05:00","eventName":"n8n.workflow.started","message":"n8n.workflow.started","payload":{"executionId":"6","workflowId":"NzxaA4Srfa2uA0Du","isManual":false,"workflowName":"My workflow 2"}}
{"__type":"$$EventMessageConfirm","confirm":"bc386d66-9c1c-4d5a-92a3-c5206da3bdfc","ts":"2026-02-15T14:00:14.401-05:00","source":{"id":"0","name":"eventBus"}}
{"__type":"$$EventMessageNode","id":"de48e645-7bc7-4ba2-ae7c-1f0e5165449b","ts":"2026-02-15T14:00:14.401-05:00","eventName":"n8n.node.started","message":"n8n.node.started","payload":{"workflowId":"NzxaA4Srfa2uA0Du","workflowName":"My workflow 2","executionId":"6","nodeType":"n8n-nodes-base.webhook","nodeName":"Webhook"}}
{"__type":"$$EventMessageConfirm","confirm":"de48e645-7bc7-4ba2-ae7c-1f0e5165449b","ts":"2026-02-15T14:00:14.402-05:00","source":{"id":"0","name":"eventBus"}}
{"__type":"$$EventMessageNode","id":"72cf117b-8225-4d9f-ad49-83a24511bc67","ts":"2026-02-15T14:00:14.402-05:00","eventName":"n8n.node.finished","message":"n8n.node.finished","payload":{"workflowId":"NzxaA4Srfa2uA0Du","workflowName":"My workflow 2","executionId":"6","nodeType":"n8n-nodes-base.webhook","nodeName":"Webhook"}}
{"__type":"$$EventMessageConfirm","confirm":"72cf117b-8225-4d9f-ad49-83a24511bc67","ts":"2026-02-15T14:00:14.402-05:00","source":{"id":"0","name":"eventBus"}}
{"__type":"$$EventMessageNode","id":"83b02d90-0157-4037-b55b-b9e72e11f1c9","ts":"2026-02-15T14:00:14.402-05:00","eventName":"n8n.node.started","message":"n8n.node.started","payload":{"workflowId":"NzxaA4Srfa2uA0Du","workflowName":"My workflow 2","executionId":"6","nodeType":"n8n-nodes-base.httpRequest","nodeName":"Trigger Airflow"}}
{"__type":"$$EventMessageConfirm","confirm":"83b02d90-0157-4037-b55b-b9e72e11f1c9","ts":"2026-02-15T14:00:14.402-05:00","source":{"id":"0","name":"eventBus"}}
{"__type":"$$EventMessageNode","id":"81f8fe10-ddd8-420c-a24f-e0e5ba572d03","ts":"2026-02-15T14:00:16.149-05:00","eventName":"n8n.node.finished","message":"n8n.node.finished","payload":{"workflowId":"NzxaA4Srfa2uA0Du","workflowName":"My workflow 2","executionId":"6","nodeType":"n8n-nodes-base.httpRequest","nodeName":"Trigger Airflow"}}
{"__type":"$$EventMessageConfirm","confirm":"81f8fe10-ddd8-420c-a24f-e0e5ba572d03","ts":"2026-02-15T14:00:16.149-05:00","source":{"id":"0","name":"eventBus"}}
{"__type":"$$EventMessageWorkflow","id":"2aed20e8-a2af-44bb-b7d3-798de0e870ed","ts":"2026-02-15T14:00:16.192-05:00","eventName":"n8n.workflow.failed","message":"n8n.workflow.failed","payload":{"executionId":"6","success":false,"isManual":false,"workflowId":"NzxaA4Srfa2uA0Du","workflowName":"My workflow 2","lastNodeExecuted":"Trigger Airflow","errorNodeType":"n8n-nodes-base.httpRequest","errorMessage":"Bad request - please check your parameters"}}
{"__type":"$$EventMessageConfirm","confirm":"2aed20e8-a2af-44bb-b7d3-798de0e870ed","ts":"2026-02-15T14:00:16.192-05:00","source":{"id":"0","name":"eventBus"}}
{"__type":"$$EventMessageAudit","id":"7f2e8143-dac5-4522-9734-bc0a8b258b20","ts":"2026-02-15T14:03:23.761-05:00","eventName":"n8n.audit.user.credentials.updated","message":"n8n.audit.user.credentials.updated","payload":{"userId":"5aa3d017-b0cb-4ca9-981e-4a30216cac4b","_email":"saidkamel201306@gmail.com","_firstName":"KAMEL","_lastName":"Said","globalRole":"global:owner","credentialType":"httpBasicAuth","credentialId":"9JQlxce5YHO6HKKa"}}
{"__type":"$$EventMessageConfirm","confirm":"7f2e8143-dac5-4522-9734-bc0a8b258b20","ts":"2026-02-15T14:03:23.761-05:00","source":{"id":"0","name":"eventBus"}}
{"__type":"$$EventMessageAudit","id":"c3572485-8ee9-47c2-8ab9-c617560dd5c9","ts":"2026-02-15T14:03:31.091-05:00","eventName":"n8n.audit.workflow.updated","message":"n8n.audit.workflow.updated","payload":{"userId":"5aa3d017-b0cb-4ca9-981e-4a30216cac4b","_email":"saidkamel201306@gmail.com","_firstName":"KAMEL","_lastName":"Said","globalRole":"global:owner","workflowId":"NzxaA4Srfa2uA0Du","workflowName":"My workflow 2"}}
{"__type":"$$EventMessageConfirm","confirm":"c3572485-8ee9-47c2-8ab9-c617560dd5c9","ts":"2026-02-15T14:03:31.091-05:00","source":{"id":"0","name":"eventBus"}}
{"__type":"$$EventMessageWorkflow","id":"f85f094a-0edc-45b0-a73c-55d9585e82a3","ts":"2026-02-15T14:05:24.301-05:00","eventName":"n8n.workflow.started","message":"n8n.workflow.started","payload":{"executionId":"7","workflowId":"NzxaA4Srfa2uA0Du","isManual":false,"workflowName":"My workflow 2"}}
{"__type":"$$EventMessageConfirm","confirm":"f85f094a-0edc-45b0-a73c-55d9585e82a3","ts":"2026-02-15T14:05:24.301-05:00","source":{"id":"0","name":"eventBus"}}
{"__type":"$$EventMessageNode","id":"7556182b-15b3-44b0-8d45-55b86be73064","ts":"2026-02-15T14:05:24.301-05:00","eventName":"n8n.node.started","message":"n8n.node.started","payload":{"workflowId":"NzxaA4Srfa2uA0Du","workflowName":"My workflow 2","executionId":"7","nodeType":"n8n-nodes-base.webhook","nodeName":"Webhook"}}
{"__type":"$$EventMessageConfirm","confirm":"7556182b-15b3-44b0-8d45-55b86be73064","ts":"2026-02-15T14:05:24.301-05:00","source":{"id":"0","name":"eventBus"}}
{"__type":"$$EventMessageNode","id":"c5127ca7-6825-4606-b203-2994d47ac023","ts":"2026-02-15T14:05:24.302-05:00","eventName":"n8n.node.finished","message":"n8n.node.finished","payload":{"workflowId":"NzxaA4Srfa2uA0Du","workflowName":"My workflow 2","executionId":"7","nodeType":"n8n-nodes-base.webhook","nodeName":"Webhook"}}
{"__type":"$$EventMessageConfirm","confirm":"c5127ca7-6825-4606-b203-2994d47ac023","ts":"2026-02-15T14:05:24.302-05:00","source":{"id":"0","name":"eventBus"}}
{"__type":"$$EventMessageNode","id":"d08c09b2-fe3e-48aa-a131-e0657de16551","ts":"2026-02-15T14:05:24.314-05:00","eventName":"n8n.node.started","message":"n8n.node.started","payload":{"workflowId":"NzxaA4Srfa2uA0Du","workflowName":"My workflow 2","executionId":"7","nodeType":"n8n-nodes-base.httpRequest","nodeName":"Trigger Airflow"}}
{"__type":"$$EventMessageConfirm","confirm":"d08c09b2-fe3e-48aa-a131-e0657de16551","ts":"2026-02-15T14:05:24.314-05:00","source":{"id":"0","name":"eventBus"}}
{"__type":"$$EventMessageNode","id":"918f7e2a-a82a-493c-8d80-c24b86f4fc0d","ts":"2026-02-15T14:05:25.586-05:00","eventName":"n8n.node.finished","message":"n8n.node.finished","payload":{"workflowId":"NzxaA4Srfa2uA0Du","workflowName":"My workflow 2","executionId":"7","nodeType":"n8n-nodes-base.httpRequest","nodeName":"Trigger Airflow"}}
{"__type":"$$EventMessageConfirm","confirm":"918f7e2a-a82a-493c-8d80-c24b86f4fc0d","ts":"2026-02-15T14:05:25.586-05:00","source":{"id":"0","name":"eventBus"}}
{"__type":"$$EventMessageWorkflow","id":"4d121d01-aad7-40c4-96bb-952051795542","ts":"2026-02-15T14:05:25.690-05:00","eventName":"n8n.workflow.failed","message":"n8n.workflow.failed","payload":{"executionId":"7","success":false,"isManual":false,"workflowId":"NzxaA4Srfa2uA0Du","workflowName":"My workflow 2","lastNodeExecuted":"Trigger Airflow","errorNodeType":"n8n-nodes-base.httpRequest","errorMessage":"Bad request - please check your parameters"}}
{"__type":"$$EventMessageConfirm","confirm":"4d121d01-aad7-40c4-96bb-952051795542","ts":"2026-02-15T14:05:25.691-05:00","source":{"id":"0","name":"eventBus"}}
{"__type":"$$EventMessageAudit","id":"7ee3c55e-c9dc-4807-bc2a-fb143b19ab5f","ts":"2026-02-15T14:18:49.964-05:00","eventName":"n8n.audit.workflow.updated","message":"n8n.audit.workflow.updated","payload":{"userId":"5aa3d017-b0cb-4ca9-981e-4a30216cac4b","_email":"saidkamel201306@gmail.com","_firstName":"KAMEL","_lastName":"Said","globalRole":"global:owner","workflowId":"NzxaA4Srfa2uA0Du","workflowName":"My workflow 2"}}
{"__type":"$$EventMessageConfirm","confirm":"7ee3c55e-c9dc-4807-bc2a-fb143b19ab5f","ts":"2026-02-15T14:18:49.964-05:00","source":{"id":"0","name":"eventBus"}}
{"__type":"$$EventMessageWorkflow","id":"cbfefed7-fb5e-4037-8192-99d3ff27fb09","ts":"2026-02-15T14:19:03.064-05:00","eventName":"n8n.workflow.started","message":"n8n.workflow.started","payload":{"executionId":"8","workflowId":"NzxaA4Srfa2uA0Du","isManual":false,"workflowName":"My workflow 2"}}
{"__type":"$$EventMessageConfirm","confirm":"cbfefed7-fb5e-4037-8192-99d3ff27fb09","ts":"2026-02-15T14:19:03.064-05:00","source":{"id":"0","name":"eventBus"}}
{"__type":"$$EventMessageNode","id":"b0d5985f-8494-479c-b30a-d2e2d9846571","ts":"2026-02-15T14:19:03.065-05:00","eventName":"n8n.node.started","message":"n8n.node.started","payload":{"workflowId":"NzxaA4Srfa2uA0Du","workflowName":"My workflow 2","executionId":"8","nodeType":"n8n-nodes-base.webhook","nodeName":"Webhook"}}
{"__type":"$$EventMessageConfirm","confirm":"b0d5985f-8494-479c-b30a-d2e2d9846571","ts":"2026-02-15T14:19:03.065-05:00","source":{"id":"0","name":"eventBus"}}
{"__type":"$$EventMessageNode","id":"c6293bf9-e4c2-4b2a-a6e3-540597324f86","ts":"2026-02-15T14:19:03.084-05:00","eventName":"n8n.node.finished","message":"n8n.node.finished","payload":{"workflowId":"NzxaA4Srfa2uA0Du","workflowName":"My workflow 2","executionId":"8","nodeType":"n8n-nodes-base.webhook","nodeName":"Webhook"}}
{"__type":"$$EventMessageConfirm","confirm":"c6293bf9-e4c2-4b2a-a6e3-540597324f86","ts":"2026-02-15T14:19:03.084-05:00","source":{"id":"0","name":"eventBus"}}
{"__type":"$$EventMessageNode","id":"fe3f9e4c-3432-4a17-b63c-ba0f4d3f7035","ts":"2026-02-15T14:19:03.084-05:00","eventName":"n8n.node.started","message":"n8n.node.started","payload":{"workflowId":"NzxaA4Srfa2uA0Du","workflowName":"My workflow 2","executionId":"8","nodeType":"n8n-nodes-base.httpRequest","nodeName":"Trigger Airflow"}}
{"__type":"$$EventMessageConfirm","confirm":"fe3f9e4c-3432-4a17-b63c-ba0f4d3f7035","ts":"2026-02-15T14:19:03.084-05:00","source":{"id":"0","name":"eventBus"}}
{"__type":"$$EventMessageNode","id":"b7ce6461-46d2-4cde-b06b-53068cecb8d7","ts":"2026-02-15T14:19:16.218-05:00","eventName":"n8n.node.finished","message":"n8n.node.finished","payload":{"workflowId":"NzxaA4Srfa2uA0Du","workflowName":"My workflow 2","executionId":"8","nodeType":"n8n-nodes-base.httpRequest","nodeName":"Trigger Airflow"}}
{"__type":"$$EventMessageConfirm","confirm":"b7ce6461-46d2-4cde-b06b-53068cecb8d7","ts":"2026-02-15T14:19:16.218-05:00","source":{"id":"0","name":"eventBus"}}
{"__type":"$$EventMessageNode","id":"ec507061-5a56-4538-b63d-b3ea1f96a821","ts":"2026-02-15T14:19:16.219-05:00","eventName":"n8n.node.started","message":"n8n.node.started","payload":{"workflowId":"NzxaA4Srfa2uA0Du","workflowName":"My workflow 2","executionId":"8","nodeType":"n8n-nodes-base.respondToWebhook","nodeName":"Respond"}}
{"__type":"$$EventMessageConfirm","confirm":"ec507061-5a56-4538-b63d-b3ea1f96a821","ts":"2026-02-15T14:19:16.219-05:00","source":{"id":"0","name":"eventBus"}}
{"__type":"$$EventMessageNode","id":"a6394c94-c8d2-4c63-8bdf-7de4592dd635","ts":"2026-02-15T14:19:16.595-05:00","eventName":"n8n.node.finished","message":"n8n.node.finished","payload":{"workflowId":"NzxaA4Srfa2uA0Du","workflowName":"My workflow 2","executionId":"8","nodeType":"n8n-nodes-base.respondToWebhook","nodeName":"Respond"}}
{"__type":"$$EventMessageConfirm","confirm":"a6394c94-c8d2-4c63-8bdf-7de4592dd635","ts":"2026-02-15T14:19:16.596-05:00","source":{"id":"0","name":"eventBus"}}
{"__type":"$$EventMessageWorkflow","id":"6156d4ac-628f-460a-a490-04a7ec3bc989","ts":"2026-02-15T14:19:16.692-05:00","eventName":"n8n.workflow.success","message":"n8n.workflow.success","payload":{"executionId":"8","success":true,"isManual":false,"workflowId":"NzxaA4Srfa2uA0Du","workflowName":"My workflow 2"}}
{"__type":"$$EventMessageConfirm","confirm":"6156d4ac-628f-460a-a490-04a7ec3bc989","ts":"2026-02-15T14:19:16.693-05:00","source":{"id":"0","name":"eventBus"}}
