{"__type":"$$EventMessageAudit","id":"6ebd137a-dc15-475a-b7e0-63376cffce45","ts":"2026-02-15T16:53:16.524-05:00","eventName":"n8n.audit.user.login.failed","message":"n8n.audit.user.login.failed","payload":{"authenticationMethod":"email","userEmail":"saidkamel201306@gmail.com","reason":"wrong credentials"}}
{"__type":"$$EventMessageConfirm","confirm":"6ebd137a-dc15-475a-b7e0-63376cffce45","ts":"2026-02-15T16:53:16.526-05:00","source":{"id":"0","name":"eventBus"}}
{"__type":"$$EventMessageAudit","id":"baa28661-e679-4664-90cd-1f53589ccb02","ts":"2026-02-15T16:53:41.774-05:00","eventName":"n8n.audit.user.login.success","message":"n8n.audit.user.login.success","payload":{"userId":"5aa3d017-b0cb-4ca9-981e-4a30216cac4b","_email":"saidkamel201306@gmail.com","_firstName":"KAMEL","_lastName":"Said","globalRole":"global:owner","authenticationMethod":"email"}}
{"__type":"$$EventMessageConfirm","confirm":"baa28661-e679-4664-90cd-1f53589ccb02","ts":"2026-02-15T16:53:41.775-05:00","source":{"id":"0","name":"eventBus"}}
{"__type":"$$EventMessageWorkflow","id":"b07b0d97-fc60-4251-ba8b-bebd9bc9c154","ts":"2026-02-15T16:54:44.068-05:00","eventName":"n8n.workflow.started","message":"n8n.workflow.started","payload":{"executionId":"9","workflowId":"NzxaA4Srfa2uA0Du","isManual":false,"workflowName":"My workflow 2"}}
{"__type":"$$EventMessageConfirm","confirm":"b07b0d97-fc60-4251-ba8b-bebd9bc9c154","ts":"2026-02-15T16:54:44.069-05:00","source":{"id":"0","name":"eventBus"}}
{"__type":"$$EventMessageNode","id":"29752c11-4904-4ee0-8073-39068f7eee3d","ts":"2026-02-15T16:54:44.069-05:00","eventName":"n8n.node.started","message":"n8n.node.started","payload":{"workflowId":"NzxaA4Srfa2uA0Du","workflowName":"My workflow 2","executionId":"9","nodeType":"n8n-nodes-base.webhook","nodeName":"Webhook"}}
{"__type":"$$EventMessageConfirm","confirm":"29752c11-4904-4ee0-8073-39068f7eee3d","ts":"2026-02-15T16:54:44.069-05:00","source":{"id":"0","name":"eventBus"}}
{"__type":"$$EventMessageNode","id":"1a711e25-5f0d-4e3b-ae32-7dabaae48b5e","ts":"2026-02-15T16:54:44.071-05:00","eventName":"n8n.node.finished","message":"n8n.node.finished","payload":{"workflowId":"NzxaA4Srfa2uA0Du","workflowName":"My workflow 2","executionId":"9","nodeType":"n8n-nodes-base.webhook","nodeName":"Webhook"}}
{"__type":"$$EventMessageConfirm","confirm":"1a711e25-5f0d-4e3b-ae32-7dabaae48b5e","ts":"2026-02-15T16:54:44.071-05:00","source":{"id":"0","name":"eventBus"}}
{"__type":"$$EventMessageNode","id":"b6f4b579-93c5-4630-99a1-afadb45e37fb","ts":"2026-02-15T16:54:44.071-05:00","eventName":"n8n.node.started","message":"n8n.node.started","payload":{"workflowId":"NzxaA4Srfa2uA0Du","workflowName":"My workflow 2","executionId":"9","nodeType":"n8n-nodes-base.httpRequest","nodeName":"Trigger Airflow"}}
{"__type":"$$EventMessageConfirm","confirm":"b6f4b579-93c5-4630-99a1-afadb45e37fb","ts":"2026-02-15T16:54:44.071-05:00","source":{"id":"0","name":"eventBus"}}
{"__type":"$$EventMessageNode","id":"4b396f91-5bad-4d60-8061-85357d664100","ts":"2026-02-15T16:54:47.057-05:00","eventName":"n8n.node.finished","message":"n8n.node.finished","payload":{"workflowId":"NzxaA4Srfa2uA0Du","workflowName":"My workflow 2","executionId":"9","nodeType":"n8n-nodes-base.httpRequest","nodeName":"Trigger Airflow"}}
{"__type":"$$EventMessageConfirm","confirm":"4b396f91-5bad-4d60-8061-85357d664100","ts":"2026-02-15T16:54:47.058-05:00","source":{"id":"0","name":"eventBus"}}
{"__type":"$$EventMessageNode","id":"8b6d3069-0ec8-452a-a920-1bc81a76cfeb","ts":"2026-02-15T16:54:47.058-05:00","eventName":"n8n.node.started","message":"n8n.node.started","payload":{"workflowId":"NzxaA4Srfa2uA0Du","workflowName":"My workflow 2","executionId":"9","nodeType":"n8n-nodes-base.respondToWebhook","nodeName":"Respond"}}
{"__type":"$$EventMessageConfirm","confirm":"8b6d3069-0ec8-452a-a920-1bc81a76cfeb","ts":"2026-02-15T16:54:47.058-05:00","source":{"id":"0","name":"eventBus"}}
{"__type":"$$EventMessageNode","id":"4566ea3f-1448-4a9f-87d6-b5379a3c6e52","ts":"2026-02-15T16:54:47.071-05:00","eventName":"n8n.node.finished","message":"n8n.node.finished","payload":{"workflowId":"NzxaA4Srfa2uA0Du","workflowName":"My workflow 2","executionId":"9","nodeType":"n8n-nodes-base.respondToWebhook","nodeName":"Respond"}}
{"__type":"$$EventMessageConfirm","confirm":"4566ea3f-1448-4a9f-87d6-b5379a3c6e52","ts":"2026-02-15T16:54:47.071-05:00","source":{"id":"0","name":"eventBus"}}
{"__type":"$$EventMessageWorkflow","id":"933e84ca-9013-4dbb-8735-d986c1dbf440","ts":"2026-02-15T16:54:47.137-05:00","eventName":"n8n.workflow.success","message":"n8n.workflow.success","payload":{"executionId":"9","success":true,"isManual":false,"workflowId":"NzxaA4Srfa2uA0Du","workflowName":"My workflow 2"}}
{"__type":"$$EventMessageConfirm","confirm":"933e84ca-9013-4dbb-8735-d986c1dbf440","ts":"2026-02-15T16:54:47.137-05:00","source":{"id":"0","name":"eventBus"}}
{"__type":"$$EventMessageWorkflow","id":"c0ad4832-a48e-435d-83fc-b81c02126c57","ts":"2026-02-15T17:04:19.917-05:00","eventName":"n8n.workflow.started","message":"n8n.workflow.started","payload":{"executionId":"10","workflowId":"NzxaA4Srfa2uA0Du","isManual":false,"workflowName":"My workflow 2"}}
{"__type":"$$EventMessageConfirm","confirm":"c0ad4832-a48e-435d-83fc-b81c02126c57","ts":"2026-02-15T17:04:19.917-05:00","source":{"id":"0","name":"eventBus"}}
{"__type":"$$EventMessageNode","id":"f022bcd6-0bb8-44ad-a9b5-93b80384e385","ts":"2026-02-15T17:04:19.918-05:00","eventName":"n8n.node.started","message":"n8n.node.started","payload":{"workflowId":"NzxaA4Srfa2uA0Du","workflowName":"My workflow 2","executionId":"10","nodeType":"n8n-nodes-base.webhook","nodeName":"Webhook"}}
{"__type":"$$EventMessageConfirm","confirm":"f022bcd6-0bb8-44ad-a9b5-93b80384e385","ts":"2026-02-15T17:04:19.918-05:00","source":{"id":"0","name":"eventBus"}}
{"__type":"$$EventMessageNode","id":"41e4799f-4f81-47f1-b33d-d7884b162aa6","ts":"2026-02-15T17:04:19.919-05:00","eventName":"n8n.node.finished","message":"n8n.node.finished","payload":{"workflowId":"NzxaA4Srfa2uA0Du","workflowName":"My workflow 2","executionId":"10","nodeType":"n8n-nodes-base.webhook","nodeName":"Webhook"}}
{"__type":"$$EventMessageConfirm","confirm":"41e4799f-4f81-47f1-b33d-d7884b162aa6","ts":"2026-02-15T17:04:19.919-05:00","source":{"id":"0","name":"eventBus"}}
{"__type":"$$EventMessageNode","id":"5ffd4d97-03ed-49b4-9367-04de95cb1b96","ts":"2026-02-15T17:04:19.919-05:00","eventName":"n8n.node.started","message":"n8n.node.started","payload":{"workflowId":"NzxaA4Srfa2uA0Du","workflowName":"My workflow 2","executionId":"10","nodeType":"n8n-nodes-base.httpRequest","nodeName":"Trigger Airflow"}}
{"__type":"$$EventMessageConfirm","confirm":"5ffd4d97-03ed-49b4-9367-04de95cb1b96","ts":"2026-02-15T17:04:19.920-05:00","source":{"id":"0","name":"eventBus"}}
{"__type":"$$EventMessageNode","id":"1661497f-dc47-446d-a4cc-76fbe919b9b3","ts":"2026-02-15T17:04:23.928-05:00","eventName":"n8n.node.finished","message":"n8n.node.finished","payload":{"workflowId":"NzxaA4Srfa2uA0Du","workflowName":"My workflow 2","executionId":"10","nodeType":"n8n-nodes-base.httpRequest","nodeName":"Trigger Airflow"}}
{"__type":"$$EventMessageConfirm","confirm":"1661497f-dc47-446d-a4cc-76fbe919b9b3","ts":"2026-02-15T17:04:23.929-05:00","source":{"id":"0","name":"eventBus"}}
{"__type":"$$EventMessageNode","id":"e089b356-6101-45a0-bae3-2c6822ed2d15","ts":"2026-02-15T17:04:23.929-05:00","eventName":"n8n.node.started","message":"n8n.node.started","payload":{"workflowId":"NzxaA4Srfa2uA0Du","workflowName":"My workflow 2","executionId":"10","nodeType":"n8n-nodes-base.respondToWebhook","nodeName":"Respond"}}
{"__type":"$$EventMessageConfirm","confirm":"e089b356-6101-45a0-bae3-2c6822ed2d15","ts":"2026-02-15T17:04:23.929-05:00","source":{"id":"0","name":"eventBus"}}
{"__type":"$$EventMessageNode","id":"9a097ac9-4c87-440b-b5df-870624b6fd7c","ts":"2026-02-15T17:04:23.930-05:00","eventName":"n8n.node.finished","message":"n8n.node.finished","payload":{"workflowId":"NzxaA4Srfa2uA0Du","workflowName":"My workflow 2","executionId":"10","nodeType":"n8n-nodes-base.respondToWebhook","nodeName":"Respond"}}
{"__type":"$$EventMessageConfirm","confirm":"9a097ac9-4c87-440b-b5df-870624b6fd7c","ts":"2026-02-15T17:04:23.930-05:00","source":{"id":"0","name":"eventBus"}}
{"__type":"$$EventMessageWorkflow","id":"51291b7b-80d8-4fd4-ad46-dd1f49f10524","ts":"2026-02-15T17:04:23.968-05:00","eventName":"n8n.workflow.success","message":"n8n.workflow.success","payload":{"executionId":"10","success":true,"isManual":false,"workflowId":"NzxaA4Srfa2uA0Du","workflowName":"My workflow 2"}}
{"__type":"$$EventMessageConfirm","confirm":"51291b7b-80d8-4fd4-ad46-dd1f49f10524","ts":"2026-02-15T17:04:23.969-05:00","source":{"id":"0","name":"eventBus"}}
{"__type":"$$EventMessageWorkflow","id":"1dd43168-0309-498a-896a-8744be5427b0","ts":"2026-02-15T17:32:08.361-05:00","eventName":"n8n.workflow.started","message":"n8n.workflow.started","payload":{"executionId":"11","workflowId":"NzxaA4Srfa2uA0Du","isManual":false,"workflowName":"My workflow 2"}}
{"__type":"$$EventMessageConfirm","confirm":"1dd43168-0309-498a-896a-8744be5427b0","ts":"2026-02-15T17:32:08.363-05:00","source":{"id":"0","name":"eventBus"}}
{"__type":"$$EventMessageNode","id":"1a286f3a-d11a-41b5-8285-37cf9875e063","ts":"2026-02-15T17:32:08.363-05:00","eventName":"n8n.node.started","message":"n8n.node.started","payload":{"workflowId":"NzxaA4Srfa2uA0Du","workflowName":"My workflow 2","executionId":"11","nodeType":"n8n-nodes-base.webhook","nodeName":"Webhook"}}
{"__type":"$$EventMessageConfirm","confirm":"1a286f3a-d11a-41b5-8285-37cf9875e063","ts":"2026-02-15T17:32:08.364-05:00","source":{"id":"0","name":"eventBus"}}
{"__type":"$$EventMessageNode","id":"ea8d991a-72ef-4493-90c8-8a8a03dd75a3","ts":"2026-02-15T17:32:08.364-05:00","eventName":"n8n.node.finished","message":"n8n.node.finished","payload":{"workflowId":"NzxaA4Srfa2uA0Du","workflowName":"My workflow 2","executionId":"11","nodeType":"n8n-nodes-base.webhook","nodeName":"Webhook"}}
{"__type":"$$EventMessageConfirm","confirm":"ea8d991a-72ef-4493-90c8-8a8a03dd75a3","ts":"2026-02-15T17:32:08.364-05:00","source":{"id":"0","name":"eventBus"}}
{"__type":"$$EventMessageNode","id":"dc870005-f2d5-4ec0-8443-367145c4a6c1","ts":"2026-02-15T17:32:08.365-05:00","eventName":"n8n.node.started","message":"n8n.node.started","payload":{"workflowId":"NzxaA4Srfa2uA0Du","workflowName":"My workflow 2","executionId":"11","nodeType":"n8n-nodes-base.httpRequest","nodeName":"Trigger Airflow"}}
{"__type":"$$EventMessageConfirm","confirm":"dc870005-f2d5-4ec0-8443-367145c4a6c1","ts":"2026-02-15T17:32:08.365-05:00","source":{"id":"0","name":"eventBus"}}
{"__type":"$$EventMessageNode","id":"07b6da80-20c8-4a3d-b6ba-7efe742e0b2b","ts":"2026-02-15T17:32:09.918-05:00","eventName":"n8n.node.finished","message":"n8n.node.finished","payload":{"workflowId":"NzxaA4Srfa2uA0Du","workflowName":"My workflow 2","executionId":"11","nodeType":"n8n-nodes-base.httpRequest","nodeName":"Trigger Airflow"}}
{"__type":"$$EventMessageConfirm","confirm":"07b6da80-20c8-4a3d-b6ba-7efe742e0b2b","ts":"2026-02-15T17:32:09.918-05:00","source":{"id":"0","name":"eventBus"}}
{"__type":"$$EventMessageNode","id":"23dd5bb1-cd00-4194-a9aa-d656a635e786","ts":"2026-02-15T17:32:09.918-05:00","eventName":"n8n.node.started","message":"n8n.node.started","payload":{"workflowId":"NzxaA4Srfa2uA0Du","workflowName":"My workflow 2","executionId":"11","nodeType":"n8n-nodes-base.respondToWebhook","nodeName":"Respond"}}
{"__type":"$$EventMessageConfirm","confirm":"23dd5bb1-cd00-4194-a9aa-d656a635e786","ts":"2026-02-15T17:32:09.918-05:00","source":{"id":"0","name":"eventBus"}}
{"__type":"$$EventMessageNode","id":"a0542181-877d-4bbe-b519-f56e235024bd","ts":"2026-02-15T17:32:09.920-05:00","eventName":"n8n.node.finished","message":"n8n.node.finished","payload":{"workflowId":"NzxaA4Srfa2uA0Du","workflowName":"My workflow 2","executionId":"11","nodeType":"n8n-nodes-base.respondToWebhook","nodeName":"Respond"}}
{"__type":"$$EventMessageConfirm","confirm":"a0542181-877d-4bbe-b519-f56e235024bd","ts":"2026-02-15T17:32:09.920-05:00","source":{"id":"0","name":"eventBus"}}
{"__type":"$$EventMessageWorkflow","id":"5f78b487-d223-4d21-8c9f-366a27ad7412","ts":"2026-02-15T17:32:09.966-05:00","eventName":"n8n.workflow.success","message":"n8n.workflow.success","payload":{"executionId":"11","success":true,"isManual":false,"workflowId":"NzxaA4Srfa2uA0Du","workflowName":"My workflow 2"}}
{"__type":"$$EventMessageConfirm","confirm":"5f78b487-d223-4d21-8c9f-366a27ad7412","ts":"2026-02-15T17:32:09.966-05:00","source":{"id":"0","name":"eventBus"}}
{"__type":"$$EventMessageWorkflow","id":"afa97f91-45fa-45ff-8527-91d4f169f9e3","ts":"2026-02-15T17:44:06.175-05:00","eventName":"n8n.workflow.started","message":"n8n.workflow.started","payload":{"executionId":"12","workflowId":"NzxaA4Srfa2uA0Du","isManual":false,"workflowName":"My workflow 2"}}
{"__type":"$$EventMessageConfirm","confirm":"afa97f91-45fa-45ff-8527-91d4f169f9e3","ts":"2026-02-15T17:44:06.176-05:00","source":{"id":"0","name":"eventBus"}}
{"__type":"$$EventMessageNode","id":"2c56716d-d2c8-490e-a03b-f4fd4c388277","ts":"2026-02-15T17:44:06.176-05:00","eventName":"n8n.node.started","message":"n8n.node.started","payload":{"workflowId":"NzxaA4Srfa2uA0Du","workflowName":"My workflow 2","executionId":"12","nodeType":"n8n-nodes-base.webhook","nodeName":"Webhook"}}
{"__type":"$$EventMessageConfirm","confirm":"2c56716d-d2c8-490e-a03b-f4fd4c388277","ts":"2026-02-15T17:44:06.176-05:00","source":{"id":"0","name":"eventBus"}}
{"__type":"$$EventMessageNode","id":"134126f5-0391-4a16-94c3-a2eac7ada9c2","ts":"2026-02-15T17:44:06.177-05:00","eventName":"n8n.node.finished","message":"n8n.node.finished","payload":{"workflowId":"NzxaA4Srfa2uA0Du","workflowName":"My workflow 2","executionId":"12","nodeType":"n8n-nodes-base.webhook","nodeName":"Webhook"}}
{"__type":"$$EventMessageConfirm","confirm":"134126f5-0391-4a16-94c3-a2eac7ada9c2","ts":"2026-02-15T17:44:06.177-05:00","source":{"id":"0","name":"eventBus"}}
{"__type":"$$EventMessageNode","id":"e77aacf8-76a8-497f-a2ad-32835c2841dc","ts":"2026-02-15T17:44:06.178-05:00","eventName":"n8n.node.started","message":"n8n.node.started","payload":{"workflowId":"NzxaA4Srfa2uA0Du","workflowName":"My workflow 2","executionId":"12","nodeType":"n8n-nodes-base.httpRequest","nodeName":"Trigger Airflow"}}
{"__type":"$$EventMessageConfirm","confirm":"e77aacf8-76a8-497f-a2ad-32835c2841dc","ts":"2026-02-15T17:44:06.178-05:00","source":{"id":"0","name":"eventBus"}}
{"__type":"$$EventMessageNode","id":"4aa9ef46-b03b-44af-905d-5e690ba44499","ts":"2026-02-15T17:44:07.838-05:00","eventName":"n8n.node.finished","message":"n8n.node.finished","payload":{"workflowId":"NzxaA4Srfa2uA0Du","workflowName":"My workflow 2","executionId":"12","nodeType":"n8n-nodes-base.httpRequest","nodeName":"Trigger Airflow"}}
{"__type":"$$EventMessageConfirm","confirm":"4aa9ef46-b03b-44af-905d-5e690ba44499","ts":"2026-02-15T17:44:07.838-05:00","source":{"id":"0","name":"eventBus"}}
{"__type":"$$EventMessageNode","id":"6af42c52-bed0-4034-9856-797ff310be7b","ts":"2026-02-15T17:44:07.838-05:00","eventName":"n8n.node.started","message":"n8n.node.started","payload":{"workflowId":"NzxaA4Srfa2uA0Du","workflowName":"My workflow 2","executionId":"12","nodeType":"n8n-nodes-base.respondToWebhook","nodeName":"Respond"}}
{"__type":"$$EventMessageConfirm","confirm":"6af42c52-bed0-4034-9856-797ff310be7b","ts":"2026-02-15T17:44:07.838-05:00","source":{"id":"0","name":"eventBus"}}
{"__type":"$$EventMessageNode","id":"c87e00f7-6c09-48f3-b4a4-02924806d8ad","ts":"2026-02-15T17:44:07.840-05:00","eventName":"n8n.node.finished","message":"n8n.node.finished","payload":{"workflowId":"NzxaA4Srfa2uA0Du","workflowName":"My workflow 2","executionId":"12","nodeType":"n8n-nodes-base.respondToWebhook","nodeName":"Respond"}}
{"__type":"$$EventMessageConfirm","confirm":"c87e00f7-6c09-48f3-b4a4-02924806d8ad","ts":"2026-02-15T17:44:07.840-05:00","source":{"id":"0","name":"eventBus"}}
{"__type":"$$EventMessageWorkflow","id":"0460870d-0881-4140-9504-5165ecd47299","ts":"2026-02-15T17:44:07.909-05:00","eventName":"n8n.workflow.success","message":"n8n.workflow.success","payload":{"executionId":"12","success":true,"isManual":false,"workflowId":"NzxaA4Srfa2uA0Du","workflowName":"My workflow 2"}}
{"__type":"$$EventMessageConfirm","confirm":"0460870d-0881-4140-9504-5165ecd47299","ts":"2026-02-15T17:44:07.909-05:00","source":{"id":"0","name":"eventBus"}}
