[2026-02-14T10:15:50.714+0000] {taskinstance.py:1979} INFO - Dependencies all met for dep_context=non-requeueable deps ti=<TaskInstance: sakiga_ds_pipeline.deploy_condition scheduled__2026-02-13T00:00:00+00:00 [queued]>
[2026-02-14T10:15:50.721+0000] {taskinstance.py:1979} INFO - Dependencies all met for dep_context=requeueable deps ti=<TaskInstance: sakiga_ds_pipeline.deploy_condition scheduled__2026-02-13T00:00:00+00:00 [queued]>
[2026-02-14T10:15:50.722+0000] {taskinstance.py:2193} INFO - Starting attempt 1 of 1
[2026-02-14T10:15:50.763+0000] {taskinstance.py:2217} INFO - Executing <Task(BranchPythonOperator): deploy_condition> on 2026-02-13 00:00:00+00:00
[2026-02-14T10:15:50.769+0000] {standard_task_runner.py:60} INFO - Started process 426 to run task
[2026-02-14T10:15:50.773+0000] {standard_task_runner.py:87} INFO - Running: ['airflow', 'tasks', 'run', 'sakiga_ds_pipeline', 'deploy_condition', 'scheduled__2026-02-13T00:00:00+00:00', '--job-id', '12', '--raw', '--subdir', 'DAGS_FOLDER/sakiga_ds_pipeline.py', '--cfg-path', '/tmp/tmpizwtnzgd']
[2026-02-14T10:15:50.776+0000] {standard_task_runner.py:88} INFO - Job 12: Subtask deploy_condition
[2026-02-14T10:15:50.878+0000] {task_command.py:423} INFO - Running <TaskInstance: sakiga_ds_pipeline.deploy_condition scheduled__2026-02-13T00:00:00+00:00 [running]> on host a6ca3feeab34
[2026-02-14T10:15:50.979+0000] {taskinstance.py:2513} INFO - Exporting env vars: AIRFLOW_CTX_DAG_OWNER='sakiga' AIRFLOW_CTX_DAG_ID='sakiga_ds_pipeline' AIRFLOW_CTX_TASK_ID='deploy_condition' AIRFLOW_CTX_EXECUTION_DATE='2026-02-13T00:00:00+00:00' AIRFLOW_CTX_TRY_NUMBER='1' AIRFLOW_CTX_DAG_RUN_ID='scheduled__2026-02-13T00:00:00+00:00'
[2026-02-14T10:15:50.988+0000] {python.py:202} INFO - Done. Returned value was: skip_deploy
[2026-02-14T10:15:50.989+0000] {branch.py:35} INFO - Branch into skip_deploy
[2026-02-14T10:15:50.989+0000] {skipmixin.py:178} INFO - Following branch skip_deploy
[2026-02-14T10:15:50.997+0000] {skipmixin.py:244} INFO - Skipping tasks [('deploy_model', -1)]
[2026-02-14T10:15:51.044+0000] {taskinstance.py:1149} INFO - Marking task as SUCCESS. dag_id=sakiga_ds_pipeline, task_id=deploy_condition, execution_date=20260213T000000, start_date=20260214T101550, end_date=20260214T101551
[2026-02-14T10:15:51.147+0000] {local_task_job_runner.py:234} INFO - Task exited with return code 0
[2026-02-14T10:15:51.175+0000] {taskinstance.py:3312} INFO - 0 downstream tasks scheduled from follow-on schedule check
[2026-02-14T23:14:39.915+0000] {taskinstance.py:1979} INFO - Dependencies all met for dep_context=non-requeueable deps ti=<TaskInstance: sakiga_ds_pipeline.deploy_condition scheduled__2026-02-13T00:00:00+00:00 [queued]>
[2026-02-14T23:14:39.921+0000] {taskinstance.py:1979} INFO - Dependencies all met for dep_context=requeueable deps ti=<TaskInstance: sakiga_ds_pipeline.deploy_condition scheduled__2026-02-13T00:00:00+00:00 [queued]>
[2026-02-14T23:14:39.922+0000] {taskinstance.py:2193} INFO - Starting attempt 1 of 1
[2026-02-14T23:14:39.994+0000] {taskinstance.py:2217} INFO - Executing <Task(BranchPythonOperator): deploy_condition> on 2026-02-13 00:00:00+00:00
[2026-02-14T23:14:40.000+0000] {standard_task_runner.py:60} INFO - Started process 263 to run task
[2026-02-14T23:14:40.004+0000] {standard_task_runner.py:87} INFO - Running: ['airflow', 'tasks', 'run', 'sakiga_ds_pipeline', 'deploy_condition', 'scheduled__2026-02-13T00:00:00+00:00', '--job-id', '12', '--raw', '--subdir', 'DAGS_FOLDER/sakiga_ds_pipeline.py', '--cfg-path', '/tmp/tmpvy61jebf']
[2026-02-14T23:14:40.007+0000] {standard_task_runner.py:88} INFO - Job 12: Subtask deploy_condition
[2026-02-14T23:14:40.088+0000] {task_command.py:423} INFO - Running <TaskInstance: sakiga_ds_pipeline.deploy_condition scheduled__2026-02-13T00:00:00+00:00 [running]> on host a6ca3feeab34
[2026-02-14T23:14:40.174+0000] {taskinstance.py:2513} INFO - Exporting env vars: AIRFLOW_CTX_DAG_OWNER='sakiga' AIRFLOW_CTX_DAG_ID='sakiga_ds_pipeline' AIRFLOW_CTX_TASK_ID='deploy_condition' AIRFLOW_CTX_EXECUTION_DATE='2026-02-13T00:00:00+00:00' AIRFLOW_CTX_TRY_NUMBER='1' AIRFLOW_CTX_DAG_RUN_ID='scheduled__2026-02-13T00:00:00+00:00'
[2026-02-14T23:14:40.181+0000] {python.py:202} INFO - Done. Returned value was: skip_deploy
[2026-02-14T23:14:40.182+0000] {branch.py:35} INFO - Branch into skip_deploy
[2026-02-14T23:14:40.182+0000] {skipmixin.py:178} INFO - Following branch skip_deploy
[2026-02-14T23:14:40.191+0000] {skipmixin.py:244} INFO - Skipping tasks [('deploy_model', -1)]
[2026-02-14T23:14:40.241+0000] {taskinstance.py:1149} INFO - Marking task as SUCCESS. dag_id=sakiga_ds_pipeline, task_id=deploy_condition, execution_date=20260213T000000, start_date=20260214T231439, end_date=20260214T231440
[2026-02-14T23:14:40.297+0000] {local_task_job_runner.py:234} INFO - Task exited with return code 0
[2026-02-14T23:14:40.329+0000] {taskinstance.py:3312} INFO - 0 downstream tasks scheduled from follow-on schedule check
