[2026-02-14T23:11:35.236+0000] {taskinstance.py:1979} INFO - Dependencies all met for dep_context=non-requeueable deps ti=<TaskInstance: sakiga_ds_pipeline.train_model manual__2026-02-14T22:51:26.306432+00:00 [queued]>
[2026-02-14T23:11:35.256+0000] {taskinstance.py:1979} INFO - Dependencies all met for dep_context=requeueable deps ti=<TaskInstance: sakiga_ds_pipeline.train_model manual__2026-02-14T22:51:26.306432+00:00 [queued]>
[2026-02-14T23:11:35.258+0000] {taskinstance.py:2193} INFO - Starting attempt 1 of 1
[2026-02-14T23:11:35.281+0000] {taskinstance.py:2217} INFO - Executing <Task(BashOperator): train_model> on 2026-02-14 22:51:26.306432+00:00
[2026-02-14T23:11:35.296+0000] {standard_task_runner.py:60} INFO - Started process 161 to run task
[2026-02-14T23:11:35.300+0000] {standard_task_runner.py:87} INFO - Running: ['airflow', 'tasks', 'run', 'sakiga_ds_pipeline', 'train_model', 'manual__2026-02-14T22:51:26.306432+00:00', '--job-id', '8', '--raw', '--subdir', 'DAGS_FOLDER/sakiga_ds_pipeline.py', '--cfg-path', '/tmp/tmp7t83he0y']
[2026-02-14T23:11:35.303+0000] {standard_task_runner.py:88} INFO - Job 8: Subtask train_model
[2026-02-14T23:11:35.447+0000] {task_command.py:423} INFO - Running <TaskInstance: sakiga_ds_pipeline.train_model manual__2026-02-14T22:51:26.306432+00:00 [running]> on host a6ca3feeab34
[2026-02-14T23:11:35.574+0000] {taskinstance.py:2513} INFO - Exporting env vars: AIRFLOW_CTX_DAG_OWNER='sakiga' AIRFLOW_CTX_DAG_ID='sakiga_ds_pipeline' AIRFLOW_CTX_TASK_ID='train_model' AIRFLOW_CTX_EXECUTION_DATE='2026-02-14T22:51:26.306432+00:00' AIRFLOW_CTX_TRY_NUMBER='1' AIRFLOW_CTX_DAG_RUN_ID='manual__2026-02-14T22:51:26.306432+00:00'
[2026-02-14T23:11:35.576+0000] {subprocess.py:63} INFO - Tmp dir root location: /tmp
[2026-02-14T23:11:35.577+0000] {subprocess.py:75} INFO - Running command: ['/usr/bin/bash', '-c', '\nset -e\necho "🤖 [SAKIGA] Train model"\n"/opt/project/.airflow_venv/bin/python" -m src.pipeline.train']
[2026-02-14T23:11:35.588+0000] {subprocess.py:86} INFO - Output:
[2026-02-14T23:11:35.604+0000] {subprocess.py:93} INFO - 🤖 [SAKIGA] Train model
[2026-02-14T23:12:41.868+0000] {subprocess.py:93} INFO - [OK] run_id = run_20260214_231238
[2026-02-14T23:12:41.868+0000] {subprocess.py:93} INFO - [OK] Best model (val): random_forest | val_primary=0.9802179244903704
[2026-02-14T23:12:41.869+0000] {subprocess.py:93} INFO - [OK] Final test primary: 0.9841857594692587
[2026-02-14T23:12:41.869+0000] {subprocess.py:93} INFO - [OK] Saved model: models/best_model.pkl
[2026-02-14T23:12:41.869+0000] {subprocess.py:93} INFO - [OK] Meta: reports/train_meta.json
[2026-02-14T23:12:41.870+0000] {subprocess.py:93} INFO - [OK] Snapshot: runs/run_20260214_231238
[2026-02-14T23:12:43.113+0000] {subprocess.py:97} INFO - Command exited with return code 0
[2026-02-14T23:12:43.142+0000] {taskinstance.py:1149} INFO - Marking task as SUCCESS. dag_id=sakiga_ds_pipeline, task_id=train_model, execution_date=20260214T225126, start_date=20260214T231135, end_date=20260214T231243
[2026-02-14T23:12:43.185+0000] {local_task_job_runner.py:234} INFO - Task exited with return code 0
[2026-02-14T23:12:43.210+0000] {taskinstance.py:3312} INFO - 1 downstream tasks scheduled from follow-on schedule check
