[2026-02-14T09:52:39.607+0000] {taskinstance.py:1979} INFO - Dependencies all met for dep_context=non-requeueable deps ti=<TaskInstance: sakiga_ds_pipeline.train_model scheduled__2026-02-13T00:00:00+00:00 [queued]>
[2026-02-14T09:52:39.613+0000] {taskinstance.py:1979} INFO - Dependencies all met for dep_context=requeueable deps ti=<TaskInstance: sakiga_ds_pipeline.train_model scheduled__2026-02-13T00:00:00+00:00 [queued]>
[2026-02-14T09:52:39.614+0000] {taskinstance.py:2193} INFO - Starting attempt 1 of 1
[2026-02-14T09:52:39.650+0000] {taskinstance.py:2217} INFO - Executing <Task(BashOperator): train_model> on 2026-02-13 00:00:00+00:00
[2026-02-14T09:52:39.661+0000] {standard_task_runner.py:60} INFO - Started process 246 to run task
[2026-02-14T09:52:39.667+0000] {standard_task_runner.py:87} INFO - Running: ['airflow', 'tasks', 'run', 'sakiga_ds_pipeline', 'train_model', 'scheduled__2026-02-13T00:00:00+00:00', '--job-id', '6', '--raw', '--subdir', 'DAGS_FOLDER/sakiga_ds_pipeline.py', '--cfg-path', '/tmp/tmpm1x7r4vq']
[2026-02-14T09:52:39.672+0000] {standard_task_runner.py:88} INFO - Job 6: Subtask train_model
[2026-02-14T09:52:39.756+0000] {task_command.py:423} INFO - Running <TaskInstance: sakiga_ds_pipeline.train_model scheduled__2026-02-13T00:00:00+00:00 [running]> on host a6ca3feeab34
[2026-02-14T09:52:39.831+0000] {taskinstance.py:2513} INFO - Exporting env vars: AIRFLOW_CTX_DAG_OWNER='sakiga' AIRFLOW_CTX_DAG_ID='sakiga_ds_pipeline' AIRFLOW_CTX_TASK_ID='train_model' AIRFLOW_CTX_EXECUTION_DATE='2026-02-13T00:00:00+00:00' AIRFLOW_CTX_TRY_NUMBER='1' AIRFLOW_CTX_DAG_RUN_ID='scheduled__2026-02-13T00:00:00+00:00'
[2026-02-14T09:52:39.833+0000] {subprocess.py:63} INFO - Tmp dir root location: /tmp
[2026-02-14T09:52:39.834+0000] {subprocess.py:75} INFO - Running command: ['/usr/bin/bash', '-c', '\nset -e\necho "🤖 [SAKIGA] Train model"\n"/opt/project/.airflow_venv/bin/python" -m src.pipeline.train']
[2026-02-14T09:52:39.919+0000] {subprocess.py:86} INFO - Output:
[2026-02-14T09:52:39.922+0000] {subprocess.py:93} INFO - 🤖 [SAKIGA] Train model
[2026-02-14T09:55:44.175+0000] {job.py:213} ERROR - Job heartbeat got an exception
Traceback (most recent call last):
  File "/home/airflow/.local/lib/python3.11/site-packages/sqlalchemy/engine/base.py", line 1910, in _execute_context
    self.dialect.do_execute(
  File "/home/airflow/.local/lib/python3.11/site-packages/sqlalchemy/engine/default.py", line 736, in do_execute
    cursor.execute(statement, parameters)
sqlite3.OperationalError: database is locked

The above exception was the direct cause of the following exception:

Traceback (most recent call last):
  File "/home/airflow/.local/lib/python3.11/site-packages/airflow/jobs/job.py", line 187, in heartbeat
    self._merge_from(Job._fetch_from_db(self, session))
                     ^^^^^^^^^^^^^^^^^^^^^^^^^^^^^^^^^
  File "/home/airflow/.local/lib/python3.11/site-packages/airflow/api_internal/internal_api_call.py", line 114, in wrapper
    return func(*args, **kwargs)
           ^^^^^^^^^^^^^^^^^^^^^
  File "/home/airflow/.local/lib/python3.11/site-packages/airflow/utils/session.py", line 76, in wrapper
    return func(*args, **kwargs)
           ^^^^^^^^^^^^^^^^^^^^^
  File "/home/airflow/.local/lib/python3.11/site-packages/airflow/jobs/job.py", line 310, in _fetch_from_db
    session.merge(job)
  File "/home/airflow/.local/lib/python3.11/site-packages/sqlalchemy/orm/session.py", line 3056, in merge
    return self._merge(
           ^^^^^^^^^^^^
  File "/home/airflow/.local/lib/python3.11/site-packages/sqlalchemy/orm/session.py", line 3136, in _merge
    merged = self.get(
             ^^^^^^^^^
  File "/home/airflow/.local/lib/python3.11/site-packages/sqlalchemy/orm/session.py", line 2853, in get
    return self._get_impl(
           ^^^^^^^^^^^^^^^
  File "/home/airflow/.local/lib/python3.11/site-packages/sqlalchemy/orm/session.py", line 2975, in _get_impl
    return db_load_fn(
           ^^^^^^^^^^^
  File "/home/airflow/.local/lib/python3.11/site-packages/sqlalchemy/orm/loading.py", line 530, in load_on_pk_identity
    session.execute(
  File "/home/airflow/.local/lib/python3.11/site-packages/sqlalchemy/orm/session.py", line 1717, in execute
    result = conn._execute_20(statement, params or {}, execution_options)
             ^^^^^^^^^^^^^^^^^^^^^^^^^^^^^^^^^^^^^^^^^^^^^^^^^^^^^^^^^^^^
  File "/home/airflow/.local/lib/python3.11/site-packages/sqlalchemy/engine/base.py", line 1710, in _execute_20
    return meth(self, args_10style, kwargs_10style, execution_options)
           ^^^^^^^^^^^^^^^^^^^^^^^^^^^^^^^^^^^^^^^^^^^^^^^^^^^^^^^^^^^
  File "/home/airflow/.local/lib/python3.11/site-packages/sqlalchemy/sql/elements.py", line 334, in _execute_on_connection
    return connection._execute_clauseelement(
           ^^^^^^^^^^^^^^^^^^^^^^^^^^^^^^^^^^
  File "/home/airflow/.local/lib/python3.11/site-packages/sqlalchemy/engine/base.py", line 1577, in _execute_clauseelement
    ret = self._execute_context(
          ^^^^^^^^^^^^^^^^^^^^^^
  File "/home/airflow/.local/lib/python3.11/site-packages/sqlalchemy/engine/base.py", line 1953, in _execute_context
    self._handle_dbapi_exception(
  File "/home/airflow/.local/lib/python3.11/site-packages/sqlalchemy/engine/base.py", line 2134, in _handle_dbapi_exception
    util.raise_(
  File "/home/airflow/.local/lib/python3.11/site-packages/sqlalchemy/util/compat.py", line 211, in raise_
    raise exception
  File "/home/airflow/.local/lib/python3.11/site-packages/sqlalchemy/engine/base.py", line 1910, in _execute_context
    self.dialect.do_execute(
  File "/home/airflow/.local/lib/python3.11/site-packages/sqlalchemy/engine/default.py", line 736, in do_execute
    cursor.execute(statement, parameters)
sqlalchemy.exc.OperationalError: (sqlite3.OperationalError) database is locked
[SQL: SELECT job.id AS job_id, job.dag_id AS job_dag_id, job.state AS job_state, job.job_type AS job_job_type, job.start_date AS job_start_date, job.end_date AS job_end_date, job.latest_heartbeat AS job_latest_heartbeat, job.executor_class AS job_executor_class, job.hostname AS job_hostname, job.unixname AS job_unixname 
FROM job 
WHERE job.id = ?]
[parameters: (6,)]
(Background on this error at: https://sqlalche.me/e/14/e3q8)
[2026-02-14T09:55:55.686+0000] {job.py:221} ERROR - Job heartbeat failed with error. Scheduler is in unhealthy state
[2026-02-14T09:56:07.139+0000] {job.py:221} ERROR - Job heartbeat failed with error. Scheduler is in unhealthy state
[2026-02-14T10:06:02.219+0000] {subprocess.py:93} INFO - [OK] run_id = run_20260214_100554
[2026-02-14T10:06:05.262+0000] {subprocess.py:93} INFO - [OK] Best model (val): xgboost | val_primary=0.7634615384615384
[2026-02-14T10:06:05.276+0000] {subprocess.py:93} INFO - [OK] Final test primary: 0.7056410256410257
[2026-02-14T10:06:05.425+0000] {subprocess.py:93} INFO - [OK] Saved model: models/best_model.pkl
[2026-02-14T10:06:05.443+0000] {subprocess.py:93} INFO - [OK] Meta: reports/train_meta.json
[2026-02-14T10:06:05.509+0000] {subprocess.py:93} INFO - [OK] Snapshot: runs/run_20260214_100554
[2026-02-14T10:06:10.610+0000] {subprocess.py:97} INFO - Command exited with return code 0
[2026-02-14T10:06:15.340+0000] {taskinstance.py:1149} INFO - Marking task as SUCCESS. dag_id=sakiga_ds_pipeline, task_id=train_model, execution_date=20260213T000000, start_date=20260214T095239, end_date=20260214T100615
[2026-02-14T10:06:22.338+0000] {local_task_job_runner.py:234} INFO - Task exited with return code 0
[2026-02-14T10:06:28.704+0000] {taskinstance.py:3312} INFO - 1 downstream tasks scheduled from follow-on schedule check
[2026-02-14T23:09:20.472+0000] {taskinstance.py:1979} INFO - Dependencies all met for dep_context=non-requeueable deps ti=<TaskInstance: sakiga_ds_pipeline.train_model scheduled__2026-02-13T00:00:00+00:00 [queued]>
[2026-02-14T23:09:20.479+0000] {taskinstance.py:1979} INFO - Dependencies all met for dep_context=requeueable deps ti=<TaskInstance: sakiga_ds_pipeline.train_model scheduled__2026-02-13T00:00:00+00:00 [queued]>
[2026-02-14T23:09:20.480+0000] {taskinstance.py:2193} INFO - Starting attempt 1 of 1
[2026-02-14T23:09:20.496+0000] {taskinstance.py:2217} INFO - Executing <Task(BashOperator): train_model> on 2026-02-13 00:00:00+00:00
[2026-02-14T23:09:20.508+0000] {standard_task_runner.py:60} INFO - Started process 91 to run task
[2026-02-14T23:09:20.512+0000] {standard_task_runner.py:87} INFO - Running: ['airflow', 'tasks', 'run', 'sakiga_ds_pipeline', 'train_model', 'scheduled__2026-02-13T00:00:00+00:00', '--job-id', '6', '--raw', '--subdir', 'DAGS_FOLDER/sakiga_ds_pipeline.py', '--cfg-path', '/tmp/tmp7m1hp3t_']
[2026-02-14T23:09:20.515+0000] {standard_task_runner.py:88} INFO - Job 6: Subtask train_model
[2026-02-14T23:09:20.601+0000] {task_command.py:423} INFO - Running <TaskInstance: sakiga_ds_pipeline.train_model scheduled__2026-02-13T00:00:00+00:00 [running]> on host a6ca3feeab34
[2026-02-14T23:09:20.665+0000] {taskinstance.py:2513} INFO - Exporting env vars: AIRFLOW_CTX_DAG_OWNER='sakiga' AIRFLOW_CTX_DAG_ID='sakiga_ds_pipeline' AIRFLOW_CTX_TASK_ID='train_model' AIRFLOW_CTX_EXECUTION_DATE='2026-02-13T00:00:00+00:00' AIRFLOW_CTX_TRY_NUMBER='1' AIRFLOW_CTX_DAG_RUN_ID='scheduled__2026-02-13T00:00:00+00:00'
[2026-02-14T23:09:20.667+0000] {subprocess.py:63} INFO - Tmp dir root location: /tmp
[2026-02-14T23:09:20.668+0000] {subprocess.py:75} INFO - Running command: ['/usr/bin/bash', '-c', '\nset -e\necho "🤖 [SAKIGA] Train model"\n"/opt/project/.airflow_venv/bin/python" -m src.pipeline.train']
[2026-02-14T23:09:20.679+0000] {subprocess.py:86} INFO - Output:
[2026-02-14T23:09:20.681+0000] {subprocess.py:93} INFO - 🤖 [SAKIGA] Train model
[2026-02-14T23:10:51.323+0000] {subprocess.py:93} INFO - [OK] run_id = run_20260214_231047
[2026-02-14T23:10:51.324+0000] {subprocess.py:93} INFO - [OK] Best model (val): random_forest | val_primary=0.9802179244903704
[2026-02-14T23:10:51.324+0000] {subprocess.py:93} INFO - [OK] Final test primary: 0.9841857594692587
[2026-02-14T23:10:51.325+0000] {subprocess.py:93} INFO - [OK] Saved model: models/best_model.pkl
[2026-02-14T23:10:51.325+0000] {subprocess.py:93} INFO - [OK] Meta: reports/train_meta.json
[2026-02-14T23:10:51.325+0000] {subprocess.py:93} INFO - [OK] Snapshot: runs/run_20260214_231047
[2026-02-14T23:10:51.713+0000] {subprocess.py:97} INFO - Command exited with return code 0
[2026-02-14T23:10:51.743+0000] {taskinstance.py:1149} INFO - Marking task as SUCCESS. dag_id=sakiga_ds_pipeline, task_id=train_model, execution_date=20260213T000000, start_date=20260214T230920, end_date=20260214T231051
[2026-02-14T23:10:51.803+0000] {local_task_job_runner.py:234} INFO - Task exited with return code 0
[2026-02-14T23:10:51.821+0000] {taskinstance.py:3312} INFO - 1 downstream tasks scheduled from follow-on schedule check
