[2026-02-15T21:55:08.779+0000] {taskinstance.py:1979} INFO - Dependencies all met for dep_context=non-requeueable deps ti=<TaskInstance: sakiga_ds_pipeline.train_model manual__2026-02-15T21:54:46.208811+00:00 [queued]>
[2026-02-15T21:55:08.785+0000] {taskinstance.py:1979} INFO - Dependencies all met for dep_context=requeueable deps ti=<TaskInstance: sakiga_ds_pipeline.train_model manual__2026-02-15T21:54:46.208811+00:00 [queued]>
[2026-02-15T21:55:08.786+0000] {taskinstance.py:2193} INFO - Starting attempt 1 of 1
[2026-02-15T21:55:08.805+0000] {taskinstance.py:2217} INFO - Executing <Task(BashOperator): train_model> on 2026-02-15 21:54:46.208811+00:00
[2026-02-15T21:55:08.811+0000] {standard_task_runner.py:60} INFO - Started process 247 to run task
[2026-02-15T21:55:08.815+0000] {standard_task_runner.py:87} INFO - Running: ['airflow', 'tasks', 'run', 'sakiga_ds_pipeline', 'train_model', 'manual__2026-02-15T21:54:46.208811+00:00', '--job-id', '31', '--raw', '--subdir', 'DAGS_FOLDER/sakiga_ds_pipeline.py', '--cfg-path', '/tmp/tmpuxz1kevc']
[2026-02-15T21:55:08.817+0000] {standard_task_runner.py:88} INFO - Job 31: Subtask train_model
[2026-02-15T21:55:08.878+0000] {task_command.py:423} INFO - Running <TaskInstance: sakiga_ds_pipeline.train_model manual__2026-02-15T21:54:46.208811+00:00 [running]> on host a6ca3feeab34
[2026-02-15T21:55:08.950+0000] {taskinstance.py:2513} INFO - Exporting env vars: AIRFLOW_CTX_DAG_OWNER='sakiga' AIRFLOW_CTX_DAG_ID='sakiga_ds_pipeline' AIRFLOW_CTX_TASK_ID='train_model' AIRFLOW_CTX_EXECUTION_DATE='2026-02-15T21:54:46.208811+00:00' AIRFLOW_CTX_TRY_NUMBER='1' AIRFLOW_CTX_DAG_RUN_ID='manual__2026-02-15T21:54:46.208811+00:00'
[2026-02-15T21:55:08.952+0000] {subprocess.py:63} INFO - Tmp dir root location: /tmp
[2026-02-15T21:55:08.953+0000] {subprocess.py:75} INFO - Running command: ['/usr/bin/bash', '-c', '\nset -e\necho "🤖 [SAKIGA] Train model"\n"/opt/project/.airflow_venv/bin/python" -m src.pipeline.train']
[2026-02-15T21:55:08.963+0000] {subprocess.py:86} INFO - Output:
[2026-02-15T21:55:08.966+0000] {subprocess.py:93} INFO - 🤖 [SAKIGA] Train model
[2026-02-15T21:55:40.935+0000] {subprocess.py:93} INFO - /opt/project/.airflow_venv/lib/python3.11/site-packages/sklearn/linear_model/_sag.py:349: ConvergenceWarning: The max_iter was reached which means the coef_ did not converge
[2026-02-15T21:55:40.936+0000] {subprocess.py:93} INFO -   warnings.warn(
[2026-02-15T21:55:40.965+0000] {subprocess.py:93} INFO - /opt/project/.airflow_venv/lib/python3.11/site-packages/sklearn/linear_model/_sag.py:349: ConvergenceWarning: The max_iter was reached which means the coef_ did not converge
[2026-02-15T21:55:40.966+0000] {subprocess.py:93} INFO -   warnings.warn(
[2026-02-15T21:55:40.971+0000] {subprocess.py:93} INFO - /opt/project/.airflow_venv/lib/python3.11/site-packages/sklearn/linear_model/_sag.py:349: ConvergenceWarning: The max_iter was reached which means the coef_ did not converge
[2026-02-15T21:55:40.972+0000] {subprocess.py:93} INFO -   warnings.warn(
[2026-02-15T21:55:40.972+0000] {subprocess.py:93} INFO - /opt/project/.airflow_venv/lib/python3.11/site-packages/sklearn/linear_model/_sag.py:349: ConvergenceWarning: The max_iter was reached which means the coef_ did not converge
[2026-02-15T21:55:40.973+0000] {subprocess.py:93} INFO -   warnings.warn(
[2026-02-15T21:55:41.151+0000] {subprocess.py:93} INFO - /opt/project/.airflow_venv/lib/python3.11/site-packages/sklearn/linear_model/_sag.py:349: ConvergenceWarning: The max_iter was reached which means the coef_ did not converge
[2026-02-15T21:55:41.153+0000] {subprocess.py:93} INFO -   warnings.warn(
[2026-02-15T21:55:41.192+0000] {subprocess.py:93} INFO - /opt/project/.airflow_venv/lib/python3.11/site-packages/sklearn/linear_model/_sag.py:349: ConvergenceWarning: The max_iter was reached which means the coef_ did not converge
[2026-02-15T21:55:41.217+0000] {subprocess.py:93} INFO -   warnings.warn(
[2026-02-15T21:55:41.223+0000] {subprocess.py:93} INFO - /opt/project/.airflow_venv/lib/python3.11/site-packages/sklearn/linear_model/_sag.py:349: ConvergenceWarning: The max_iter was reached which means the coef_ did not converge
[2026-02-15T21:55:41.224+0000] {subprocess.py:93} INFO -   warnings.warn(
[2026-02-15T21:55:41.266+0000] {subprocess.py:93} INFO - /opt/project/.airflow_venv/lib/python3.11/site-packages/sklearn/linear_model/_sag.py:349: ConvergenceWarning: The max_iter was reached which means the coef_ did not converge
[2026-02-15T21:55:41.267+0000] {subprocess.py:93} INFO -   warnings.warn(
[2026-02-15T21:55:41.446+0000] {subprocess.py:93} INFO - /opt/project/.airflow_venv/lib/python3.11/site-packages/sklearn/linear_model/_sag.py:349: ConvergenceWarning: The max_iter was reached which means the coef_ did not converge
[2026-02-15T21:55:41.446+0000] {subprocess.py:93} INFO -   warnings.warn(
[2026-02-15T21:55:41.772+0000] {subprocess.py:93} INFO - /opt/project/.airflow_venv/lib/python3.11/site-packages/sklearn/linear_model/_sag.py:349: ConvergenceWarning: The max_iter was reached which means the coef_ did not converge
[2026-02-15T21:55:41.772+0000] {subprocess.py:93} INFO -   warnings.warn(
[2026-02-15T21:55:43.019+0000] {subprocess.py:93} INFO - [OK] run_id = run_20260215_215542
[2026-02-15T21:55:43.020+0000] {subprocess.py:93} INFO - [OK] Best model (val): xgboost | val_primary=0.7634615384615384
[2026-02-15T21:55:43.020+0000] {subprocess.py:93} INFO - [OK] Final test primary: 0.7056410256410257
[2026-02-15T21:55:43.021+0000] {subprocess.py:93} INFO - [OK] Saved model: models/best_model.pkl
[2026-02-15T21:55:43.021+0000] {subprocess.py:93} INFO - [OK] Meta: reports/train_meta.json
[2026-02-15T21:55:43.022+0000] {subprocess.py:93} INFO - [OK] Snapshot: runs/run_20260215_215542
[2026-02-15T21:55:43.403+0000] {subprocess.py:97} INFO - Command exited with return code 0
[2026-02-15T21:55:43.447+0000] {taskinstance.py:1149} INFO - Marking task as SUCCESS. dag_id=sakiga_ds_pipeline, task_id=train_model, execution_date=20260215T215446, start_date=20260215T215508, end_date=20260215T215543
[2026-02-15T21:55:43.500+0000] {local_task_job_runner.py:234} INFO - Task exited with return code 0
[2026-02-15T21:55:43.529+0000] {taskinstance.py:3312} INFO - 1 downstream tasks scheduled from follow-on schedule check
