[2026-02-14T10:13:30.881+0000] {taskinstance.py:1979} INFO - Dependencies all met for dep_context=non-requeueable deps ti=<TaskInstance: sakiga_ds_pipeline.evaluate_model scheduled__2026-02-13T00:00:00+00:00 [queued]>
[2026-02-14T10:13:30.887+0000] {taskinstance.py:1979} INFO - Dependencies all met for dep_context=requeueable deps ti=<TaskInstance: sakiga_ds_pipeline.evaluate_model scheduled__2026-02-13T00:00:00+00:00 [queued]>
[2026-02-14T10:13:30.888+0000] {taskinstance.py:2193} INFO - Starting attempt 1 of 1
[2026-02-14T10:13:30.912+0000] {taskinstance.py:2217} INFO - Executing <Task(BashOperator): evaluate_model> on 2026-02-13 00:00:00+00:00
[2026-02-14T10:13:30.927+0000] {standard_task_runner.py:60} INFO - Started process 352 to run task
[2026-02-14T10:13:30.932+0000] {standard_task_runner.py:87} INFO - Running: ['airflow', 'tasks', 'run', 'sakiga_ds_pipeline', 'evaluate_model', 'scheduled__2026-02-13T00:00:00+00:00', '--job-id', '9', '--raw', '--subdir', 'DAGS_FOLDER/sakiga_ds_pipeline.py', '--cfg-path', '/tmp/tmpkn6p0_77']
[2026-02-14T10:13:30.934+0000] {standard_task_runner.py:88} INFO - Job 9: Subtask evaluate_model
[2026-02-14T10:13:31.029+0000] {task_command.py:423} INFO - Running <TaskInstance: sakiga_ds_pipeline.evaluate_model scheduled__2026-02-13T00:00:00+00:00 [running]> on host a6ca3feeab34
[2026-02-14T10:13:31.100+0000] {taskinstance.py:2513} INFO - Exporting env vars: AIRFLOW_CTX_DAG_OWNER='sakiga' AIRFLOW_CTX_DAG_ID='sakiga_ds_pipeline' AIRFLOW_CTX_TASK_ID='evaluate_model' AIRFLOW_CTX_EXECUTION_DATE='2026-02-13T00:00:00+00:00' AIRFLOW_CTX_TRY_NUMBER='1' AIRFLOW_CTX_DAG_RUN_ID='scheduled__2026-02-13T00:00:00+00:00'
[2026-02-14T10:13:31.102+0000] {subprocess.py:63} INFO - Tmp dir root location: /tmp
[2026-02-14T10:13:31.103+0000] {subprocess.py:75} INFO - Running command: ['/usr/bin/bash', '-c', '\nset -e\necho "📊 [SAKIGA] Evaluate model"\n"/opt/project/.airflow_venv/bin/python" -m src.pipeline.evaluate']
[2026-02-14T10:13:31.132+0000] {subprocess.py:86} INFO - Output:
[2026-02-14T10:13:31.135+0000] {subprocess.py:93} INFO - 📊 [SAKIGA] Evaluate model
[2026-02-14T10:14:03.281+0000] {subprocess.py:93} INFO - Matplotlib is building the font cache; this may take a moment.
[2026-02-14T10:14:27.660+0000] {subprocess.py:93} INFO - [OK] run_id = run_20260214_101424
[2026-02-14T10:14:27.665+0000] {subprocess.py:93} INFO - [OK] latest metrics: reports/metrics.json
[2026-02-14T10:14:27.666+0000] {subprocess.py:93} INFO - [OK] latest plots: reports/plots
[2026-02-14T10:14:27.667+0000] {subprocess.py:93} INFO - [OK] run saved: runs/run_20260214_101424
[2026-02-14T10:14:28.110+0000] {subprocess.py:97} INFO - Command exited with return code 0
[2026-02-14T10:14:28.174+0000] {taskinstance.py:1149} INFO - Marking task as SUCCESS. dag_id=sakiga_ds_pipeline, task_id=evaluate_model, execution_date=20260213T000000, start_date=20260214T101330, end_date=20260214T101428
[2026-02-14T10:14:28.444+0000] {local_task_job_runner.py:234} INFO - Task exited with return code 0
[2026-02-14T10:14:28.483+0000] {taskinstance.py:3312} INFO - 1 downstream tasks scheduled from follow-on schedule check
[2026-02-14T23:12:49.112+0000] {taskinstance.py:1979} INFO - Dependencies all met for dep_context=non-requeueable deps ti=<TaskInstance: sakiga_ds_pipeline.evaluate_model scheduled__2026-02-13T00:00:00+00:00 [queued]>
[2026-02-14T23:12:49.119+0000] {taskinstance.py:1979} INFO - Dependencies all met for dep_context=requeueable deps ti=<TaskInstance: sakiga_ds_pipeline.evaluate_model scheduled__2026-02-13T00:00:00+00:00 [queued]>
[2026-02-14T23:12:49.120+0000] {taskinstance.py:2193} INFO - Starting attempt 1 of 1
[2026-02-14T23:12:49.138+0000] {taskinstance.py:2217} INFO - Executing <Task(BashOperator): evaluate_model> on 2026-02-13 00:00:00+00:00
[2026-02-14T23:12:49.144+0000] {standard_task_runner.py:60} INFO - Started process 197 to run task
[2026-02-14T23:12:49.148+0000] {standard_task_runner.py:87} INFO - Running: ['airflow', 'tasks', 'run', 'sakiga_ds_pipeline', 'evaluate_model', 'scheduled__2026-02-13T00:00:00+00:00', '--job-id', '9', '--raw', '--subdir', 'DAGS_FOLDER/sakiga_ds_pipeline.py', '--cfg-path', '/tmp/tmph_llv18d']
[2026-02-14T23:12:49.151+0000] {standard_task_runner.py:88} INFO - Job 9: Subtask evaluate_model
[2026-02-14T23:12:49.292+0000] {task_command.py:423} INFO - Running <TaskInstance: sakiga_ds_pipeline.evaluate_model scheduled__2026-02-13T00:00:00+00:00 [running]> on host a6ca3feeab34
[2026-02-14T23:12:49.397+0000] {taskinstance.py:2513} INFO - Exporting env vars: AIRFLOW_CTX_DAG_OWNER='sakiga' AIRFLOW_CTX_DAG_ID='sakiga_ds_pipeline' AIRFLOW_CTX_TASK_ID='evaluate_model' AIRFLOW_CTX_EXECUTION_DATE='2026-02-13T00:00:00+00:00' AIRFLOW_CTX_TRY_NUMBER='1' AIRFLOW_CTX_DAG_RUN_ID='scheduled__2026-02-13T00:00:00+00:00'
[2026-02-14T23:12:49.400+0000] {subprocess.py:63} INFO - Tmp dir root location: /tmp
[2026-02-14T23:12:49.400+0000] {subprocess.py:75} INFO - Running command: ['/usr/bin/bash', '-c', '\nset -e\necho "📊 [SAKIGA] Evaluate model"\n"/opt/project/.airflow_venv/bin/python" -m src.pipeline.evaluate']
[2026-02-14T23:12:49.412+0000] {subprocess.py:86} INFO - Output:
[2026-02-14T23:12:49.415+0000] {subprocess.py:93} INFO - 📊 [SAKIGA] Evaluate model
[2026-02-14T23:13:22.139+0000] {subprocess.py:93} INFO - [OK] run_id = run_20260214_231318
[2026-02-14T23:13:22.139+0000] {subprocess.py:93} INFO - [OK] latest metrics: reports/metrics.json
[2026-02-14T23:13:22.140+0000] {subprocess.py:93} INFO - [OK] latest plots: reports/plots
[2026-02-14T23:13:22.140+0000] {subprocess.py:93} INFO - [OK] run saved: runs/run_20260214_231318
[2026-02-14T23:13:22.761+0000] {subprocess.py:97} INFO - Command exited with return code 0
[2026-02-14T23:13:22.859+0000] {taskinstance.py:1149} INFO - Marking task as SUCCESS. dag_id=sakiga_ds_pipeline, task_id=evaluate_model, execution_date=20260213T000000, start_date=20260214T231249, end_date=20260214T231322
[2026-02-14T23:13:23.150+0000] {local_task_job_runner.py:234} INFO - Task exited with return code 0
[2026-02-14T23:13:23.576+0000] {taskinstance.py:3312} INFO - 1 downstream tasks scheduled from follow-on schedule check
